1788911952,11,0,5.239,2621936
1788911952,10,0,0.004,2621936
1788912012,10,0,0.014,2621936
1788912072,10,0,0.002,2621936
1788912132,10,0,0.002,2621936
1788912192,10,0,0.007,2621936
1788912252,10,0,0.012,2621936
1788912312,10,0,0.002,2621936
1788912372,10,0,0.012,2621936
1788912432,10,0,0.013,2621936
1788912492,10,0,0.006,2621936
1788912552,10,0,0.004,2621936
1788912612,10,0,0.012,2621936
1788912672,10,0,0.004,2621936
1788912732,10,0,0.01,2621936
1788912792,10,0,0.002,2621936
1788912852,10,0,0.002,2621936
1788912912,10,0,0.003,2621936
1788912972,10,0,0.01,2621936
1788913032,10,0,0.007,2621936
1788913092,10,0,0.003,2621936
1788913152,10,0,0.01,2621936
1788913212,10,0,0.013,2621936
1788913272,10,0,0.002,2621936
1788913332,10,0,0.009,2621936
1788913392,10,0,0.002,2621936
1788913452,10,0,0.002,2621936
1788913512,10,0,0.002,2621936
1788913572,10,0,0.002,2621936
1788913632,10,0,0.003,2621936
1788913692,10,0,0.013,2621936
1788913752,10,0,0.003,2621936
1788913812,10,0,0.002,2621936
1788913872,10,0,0.01,2621936
1788913932,10,0,0.006,2621936
1788913992,10,0,0.004,2621936
1788914052,10,0,0.004,2621936
1788914112,10,0,0.007,2621936
1788914172,10,0,0.002,2621936
1788914232,10,0,0.006,2621936
1788914292,10,0,0.002,2621936
1788914352,10,0,0.01,2621936
1788914412,10,0,0.008,2621936
1788914472,10,0,0.002,2621936
1788914532,10,0,0.003,2621936
1788914592,10,0,0.01,2621936
1788914652,10,0,0.002,2621936
1788914712,10,0,0.002,2621936
1788914772,10,0,0.01,2621936
1788914832,10,0,0.002,2621936
1788914892,10,0,0.002,2621936
1788914952,10,0,0.007,2621936
1788915012,10,0,0.004,2621936
1788915072,10,0,0.006,2621936
1788915132,10,0,0.007,2621936
1788915192,10,0,0.005,2621936
1788915252,10,0,0.007,2621936
1788915312,10,0,0.008,2621936
1788915372,10,0,0.002,2621936
1788915432,10,0,0.002,2621936
1788915492,10,0,0.009,2621936
1788915552,10,0,0.004,2621936
1788915612,10,0,0.002,2621936
1788915612,STOP,,,2621936
