1788999553,11,0,4.114,3704768
1788999553,10,0,0.011,3704768
1788999613,10,0,0.011,3704768
1788999673,10,0,0.011,3704768
1788999733,10,0,0.006,3704768
1788999793,10,0,0.013,3704768
1788999853,10,0,0.019,3704768
1788999913,10,0,0.007,3704768
1788999973,10,0,0.005,3704768
1789000033,10,0,0.011,3704768
1789000093,10,0,0.014,3704768
1789000153,10,0,0.006,3704768
1789000213,10,0,0.012,3704768
1789000273,10,0,0.005,3704768
1789000333,10,0,0.006,3704768
1789000393,10,0,0.007,3704768
1789000453,10,0,0.004,3704768
1789000513,10,0,0.007,3704768
1789000573,10,0,0.015,3704768
1789000633,10,0,0.005,3704768
1789000693,10,0,0.012,3704768
1789000753,10,0,0.004,3704768
1789000813,10,0,0.002,3704768
1789000873,10,0,0.006,3704768
1789000933,10,0,0.008,3704768
1789000993,10,0,0.005,3704768
1789001053,10,0,0.004,3704768
1789001113,10,0,0.002,3704768
1789001173,10,0,0.003,3704768
1789001233,10,0,0.006,3704768
1789001293,10,0,0.019,3704768
1789001353,10,0,0.002,3704768
1789001413,10,0,0.007,3704768
1789001473,10,0,0.004,3704768
1789001533,10,0,0.003,3704768
1789001593,10,0,0.004,3704768
1789001653,10,0,0.008,3704768
1789001713,10,0,0.006,3704768
1789001773,10,0,0.004,3704768
1789001834,10,0,0.004,3704768
1789001893,10,0,0.003,3704768
1789001953,10,0,0.006,3704768
1789002013,10,0,0.01,3704768
1789002073,10,0,0.002,3704768
1789002133,10,0,0.003,3704768
1789002193,10,0,0.005,3704768
1789002253,10,0,0.002,3704768
1789002313,10,0,0.005,3704768
1789002373,10,0,0.006,3704768
1789002433,10,0,0.005,3704768
1789002493,10,0,0.004,3704768
1789002553,10,0,0.004,3704768
1789002613,10,0,0.002,3704768
1789002673,10,0,0.007,3704768
1789002733,10,0,0.019,3704768
1789002793,10,0,0.002,3704768
1789002853,10,0,0.006,3704768
1789002913,10,0,0.005,3704768
1789002973,10,0,0.002,3704768
1789003033,10,0,0.003,3704768
1789003093,10,0,0.012,3704768
1789003153,10,0,0.004,3704768
1789003213,10,0,0.005,3704768
1789003213,STOP,,,3704768
