1789007053,11,0,3.211,64412
1789007053,10,0,0.015,64412
1789007113,10,0,0.003,64412
1789007173,10,0,0.003,64412
1789007233,10,0,0.008,64412
1789007293,10,0,0.008,64412
1789007353,10,0,0.019,64412
1789007413,10,0,0.003,64412
1789007473,10,0,0.011,64412
1789007533,10,0,0.011,64412
1789007593,10,0,0.007,64412
1789007653,10,0,0.005,64412
1789007713,10,0,0.01,64412
1789007773,10,0,0.003,64412
1789007833,10,0,0.003,64412
1789007893,10,0,0.007,64412
1789007953,10,0,0.004,64412
1789008013,10,0,0.006,64412
1789008073,10,0,0.012,64412
1789008133,10,0,0.001,64412
1789008193,10,0,0.003,64412
1789008253,10,0,0.006,64412
1789008313,10,0,0.005,64412
1789008373,10,0,0.003,64412
1789008433,10,0,0.01,64412
1789008493,10,0,0.004,64412
1789008553,10,0,0.002,64412
1789008613,10,0,0.003,64412
1789008673,10,0,0.003,64412
1789008733,10,0,0.01,64412
1789008793,10,0,0.013,64412
1789008853,10,0,0.002,64412
1789008913,10,0,0.004,64412
1789008973,10,0,0.007,64412
1789009033,10,0,0.002,64412
1789009093,10,0,0.002,64412
1789009153,10,0,0.008,64412
1789009213,10,0,0.003,64412
1789009273,10,0,0.007,64412
1789009333,10,0,0.002,64412
1789009393,10,0,0.003,64412
1789009453,10,0,0.004,64412
1789009514,10,0,0.015,64412
1789009573,10,0,0.002,64412
1789009633,10,0,0.003,64412
1789009693,10,0,0.007,64412
1789009753,10,0,0.002,64412
1789009813,10,0,0.002,64412
1789009873,10,0,0.012,64412
1789009933,10,0,0.004,64412
1789009993,10,0,0.007,64412
1789010053,10,0,0.003,64412
1789010113,10,0,0.007,64412
1789010173,10,0,0.004,64412
1789010233,10,0,0.011,64412
1789010293,10,0,0.003,64412
1789010353,10,0,0.003,64412
1789010413,10,0,0.005,64412
1789010473,10,0,0.003,64412
1789010533,10,0,0.005,64412
1789010593,10,0,0.006,64412
1789010653,10,0,0.004,64412
1789010713,10,0,0.005,64412
1789010713,STOP,,,64412
