1788855509,11,0,2.763,677472
1788855509,10,0,0.004,677472
1788855569,10,0,0.003,677472
1788855629,10,0,0.003,677472
1788855689,10,0,0.002,677472
1788855749,10,0,0.004,677472
1788855809,10,0,0.009,677472
1788855869,10,0,0.002,677472
1788855929,10,0,0.002,677472
1788855989,10,0,0.003,677472
1788856049,10,0,0.003,677472
1788856109,10,0,0.002,677472
1788856169,10,0,0.003,677472
1788856229,10,0,0.003,677472
1788856289,10,0,0.002,677472
1788856349,10,0,0.002,677472
1788856409,10,0,0.002,677472
1788856469,10,0,0.003,677472
1788856529,10,0,0.006,677472
1788856589,10,0,0.006,677472
1788856649,10,0,0.003,677472
1788856709,10,0,0.002,677472
1788856769,10,0,0.001,677472
1788856829,10,0,0.002,677472
1788856889,10,0,0.003,677472
1788856949,10,0,0.002,677472
1788857009,10,0,0.003,677472
1788857069,10,0,0.002,677472
1788857129,10,0,0.002,677472
1788857189,10,0,0.003,677472
1788857249,10,0,0.008,677472
1788857309,10,0,0.002,677472
1788857369,10,0,0.002,677472
1788857429,10,0,0.003,677472
1788857489,10,0,0.002,677472
1788857549,10,0,0.002,677472
1788857609,10,0,0.004,677472
1788857669,10,0,0.002,677472
1788857729,10,0,0.002,677472
1788857789,10,0,0.002,677472
1788857849,10,0,0.002,677472
1788857909,10,0,0.002,677472
1788857969,10,0,0.007,677472
1788858029,10,0,0.001,677472
1788858089,10,0,0.002,677472
1788858149,10,0,0.003,677472
1788858209,10,0,0.001,677472
1788858269,10,0,0.002,677472
1788858329,10,0,0.003,677472
1788858389,10,0,0.002,677472
1788858449,10,0,0.004,677472
1788858509,10,0,0.002,677472
1788858569,10,0,0.003,677472
1788858629,10,0,0.003,677472
1788858689,10,0,0.006,677472
1788858749,10,0,0.002,677472
1788858809,10,0,0.002,677472
1788858869,10,0,0.002,677472
1788858929,10,0,0.002,677472
1788858989,10,0,0.002,677472
1788859049,10,0,0.004,677472
1788859109,10,0,0.001,677472
1788859169,10,0,0.002,677472
1788859169,STOP,,,677472
