1788915723,11,0,6.457,3400174
1788915723,10,0,0.005,3400174
1788915783,10,0,0.01,3400174
1788915843,10,0,0.002,3400174
1788915903,10,0,0.005,3400174
1788915963,10,0,0.006,3400174
1788916023,10,0,0.011,3400174
1788916083,10,0,0.003,3400174
1788916143,10,0,0.003,3400174
1788916203,10,0,0.007,3400174
1788916263,10,0,0.004,3400174
1788916323,10,0,0.004,3400174
1788916383,10,0,0.01,3400174
1788916443,10,0,0.007,3400174
1788916503,10,0,0.007,3400174
1788916563,10,0,0.003,3400174
1788916623,10,0,0.002,3400174
1788916683,10,0,0.002,3400174
1788916743,10,0,0.013,3400174
1788916803,10,0,0.002,3400174
1788916863,10,0,0.003,3400174
1788916923,10,0,0.004,3400174
1788916983,10,0,0.008,3400174
1788917043,10,0,0.002,3400174
1788917103,10,0,0.007,3400174
1788917163,10,0,0.004,3400174
1788917223,10,0,0.009,3400174
1788917283,10,0,0.005,3400174
1788917343,10,0,0.002,3400174
1788917403,10,0,0.002,3400174
1788917463,10,0,0.01,3400174
1788917523,10,0,0.004,3400174
1788917583,10,0,0.005,3400174
1788917643,10,0,0.007,3400174
1788917703,10,0,0.002,3400174
1788917763,10,0,0.002,3400174
1788917823,10,0,0.006,3400174
1788917883,10,0,0.007,3400174
1788917943,10,0,0.004,3400174
1788918003,10,0,0.002,3400174
1788918063,10,0,0.004,3400174
1788918123,10,0,0.008,3400174
1788918183,10,0,0.013,3400174
1788918243,10,0,0.004,3400174
1788918303,10,0,0.008,3400174
1788918364,10,0,0.008,3400174
1788918423,10,0,0.003,3400174
1788918483,10,0,0.004,3400174
1788918543,10,0,0.018,3400174
1788918603,10,0,0.009,3400174
1788918663,10,0,0.006,3400174
1788918723,10,0,0.005,3400174
1788918783,10,0,0.003,3400174
1788918843,10,0,0.008,3400174
1788918903,10,0,0.014,3400174
1788918963,10,0,0.003,3400174
1788919023,10,0,0.003,3400174
1788919083,10,0,0.003,3400174
1788919143,10,0,0.002,3400174
1788919203,10,0,0.004,3400174
1788919263,10,0,0.007,3400174
1788919323,10,0,0.004,3400174
1788919383,10,0,0.002,3400174
1788919383,STOP,,,3400174
