dbt5 - Driver Customer Emulator Main
Using the following settings:

Input files location: /tmp/.mount_dbt5cBjMAK/opt/egen/flat_in

Brokerage House address: localhost
Brokerage House port: 30000

Configured customer count: 5000
Active customer count: 5000
Days of initial trades: 300
Scale Factor: 500

User Threads: 9
Sleep between creating users: 6666

Test duration (sec): 3600
Pacing Delay (msec): 0

Unique ID (seed): 0
initializing data maintenance...

Running Trade-Cleanup transaction before starting the test...
Trade-Cleanup transaction completed.

Test is starting at 11:25:57.016
Estimated duration of ramp-up: 59 seconds
Estimated end time 12:25:57.016
>> Start of ramp-up.
>> Data-Maintenance thread started.
>> End of ramp-up.
User thread # 2214919 terminated.
User thread # 2211783 terminated.
User thread # 2211191 terminated.
User thread # 2212779 terminated.
User thread # 2214153 terminated.
User thread # 2211477 terminated.
User thread # 2213421 terminated.
User thread # 2211267 terminated.
User thread # 2212230 terminated.
Data-Maintenance thread stopped.
