1788866757,11,0,4.941,2211024
1788866757,10,0,0.005,2211024
1788866817,10,0,0.003,2211024
1788866877,10,0,0.002,2211024
1788866937,10,0,0.002,2211024
1788866997,10,0,0.004,2211024
1788867057,10,0,0.007,2211024
1788867117,10,0,0.002,2211024
1788867177,10,0,0.004,2211024
1788867237,10,0,0.002,2211024
1788867297,10,0,0.002,2211024
1788867357,10,0,0.002,2211024
1788867417,10,0,0.004,2211024
1788867477,10,0,0.001,2211024
1788867537,10,0,0.003,2211024
1788867597,10,0,0.002,2211024
1788867657,10,0,0.003,2211024
1788867717,10,0,0.003,2211024
1788867777,10,0,0.006,2211024
1788867837,10,0,0.001,2211024
1788867897,10,0,0.003,2211024
1788867957,10,0,0.003,2211024
1788868017,10,0,0.002,2211024
1788868077,10,0,0.002,2211024
1788868137,10,0,0.004,2211024
1788868197,10,0,0.002,2211024
1788868257,10,0,0.003,2211024
1788868317,10,0,0.002,2211024
1788868377,10,0,0.002,2211024
1788868437,10,0,0.002,2211024
1788868497,10,0,0.005,2211024
1788868557,10,0,0.001,2211024
1788868617,10,0,0.003,2211024
1788868677,10,0,0.002,2211024
1788868737,10,0,0.003,2211024
1788868797,10,0,0.003,2211024
1788868857,10,0,0.002,2211024
1788868917,10,0,0.002,2211024
1788868977,10,0,0.002,2211024
1788869037,10,0,0.002,2211024
1788869097,10,0,0.003,2211024
1788869157,10,0,0.002,2211024
1788869217,10,0,0.008,2211024
1788869277,10,0,0.001,2211024
1788869337,10,0,0.002,2211024
1788869397,10,0,0.003,2211024
1788869457,10,0,0.002,2211024
1788869517,10,0,0.003,2211024
1788869577,10,0,0.003,2211024
1788869637,10,0,0.002,2211024
1788869697,10,0,0.003,2211024
1788869757,10,0,0.003,2211024
1788869817,10,0,0.001,2211024
1788869877,10,0,0.003,2211024
1788869937,10,0,0.008,2211024
1788869997,10,0,0.002,2211024
1788870057,10,0,0.003,2211024
1788870117,10,0,0.003,2211024
1788870177,10,0,0.002,2211024
1788870237,10,0,0.002,2211024
1788870297,10,0,0.004,2211024
1788870357,10,0,0.001,2211024
1788870417,10,0,0.002,2211024
1788870417,STOP,,,2211024
