1788836770,11,0,5.037,3585628
1788836770,10,0,0.006,3585628
1788836830,10,0,0.003,3585628
1788836890,10,0,0.002,3585628
1788836950,10,0,0.002,3585628
1788837010,10,0,0.003,3585628
1788837070,10,0,0.008,3585628
1788837130,10,0,0.002,3585628
1788837190,10,0,0.002,3585628
1788837250,10,0,0.003,3585628
1788837310,10,0,0.002,3585628
1788837370,10,0,0.001,3585628
1788837430,10,0,0.004,3585628
1788837490,10,0,0.002,3585628
1788837550,10,0,0.002,3585628
1788837610,10,0,0.002,3585628
1788837670,10,0,0.002,3585628
1788837730,10,0,0.002,3585628
1788837790,10,0,0.006,3585628
1788837850,10,0,0.001,3585628
1788837910,10,0,0.002,3585628
1788837970,10,0,0.002,3585628
1788838030,10,0,0.002,3585628
1788838090,10,0,0.002,3585628
1788838150,10,0,0.003,3585628
1788838210,10,0,0.002,3585628
1788838270,10,0,0.004,3585628
1788838330,10,0,0.002,3585628
1788838390,10,0,0.002,3585628
1788838450,10,0,0.002,3585628
1788838510,10,0,0.007,3585628
1788838570,10,0,0.001,3585628
1788838630,10,0,0.002,3585628
1788838690,10,0,0.002,3585628
1788838750,10,0,0.001,3585628
1788838810,10,0,0.001,3585628
1788838870,10,0,0.003,3585628
1788838930,10,0,0.002,3585628
1788838990,10,0,0.002,3585628
1788839050,10,0,0.002,3585628
1788839110,10,0,0.003,3585628
1788839170,10,0,0.002,3585628
1788839230,10,0,0.006,3585628
1788839290,10,0,0.002,3585628
1788839350,10,0,0.002,3585628
1788839410,10,0,0.002,3585628
1788839470,10,0,0.001,3585628
1788839530,10,0,0.001,3585628
1788839590,10,0,0.003,3585628
1788839650,10,0,0.002,3585628
1788839710,10,0,0.002,3585628
1788839770,10,0,0.002,3585628
1788839830,10,0,0.002,3585628
1788839890,10,0,0.002,3585628
1788839950,10,0,0.005,3585628
1788840010,10,0,0.001,3585628
1788840070,10,0,0.002,3585628
1788840130,10,0,0.003,3585628
1788840190,10,0,0.001,3585628
1788840250,10,0,0.001,3585628
1788840310,10,0,0.003,3585628
1788840370,10,0,0.002,3585628
1788840430,10,0,0.002,3585628
1788840430,STOP,,,3585628
