1788878026,11,0,4.398,4109635
1788878026,10,0,0.005,4109635
1788878086,10,0,0.003,4109635
1788878146,10,0,0.002,4109635
1788878206,10,0,0.002,4109635
1788878266,10,0,0.004,4109635
1788878326,10,0,0.008,4109635
1788878386,10,0,0.002,4109635
1788878446,10,0,0.002,4109635
1788878506,10,0,0.003,4109635
1788878566,10,0,0.002,4109635
1788878626,10,0,0.002,4109635
1788878686,10,0,0.004,4109635
1788878746,10,0,0.003,4109635
1788878806,10,0,0.004,4109635
1788878866,10,0,0.002,4109635
1788878926,10,0,0.002,4109635
1788878986,10,0,0.003,4109635
1788879046,10,0,0.006,4109635
1788879106,10,0,0.002,4109635
1788879166,10,0,0.002,4109635
1788879226,10,0,0.003,4109635
1788879286,10,0,0.003,4109635
1788879346,10,0,0.002,4109635
1788879406,10,0,0.003,4109635
1788879466,10,0,0.002,4109635
1788879526,10,0,0.002,4109635
1788879586,10,0,0.002,4109635
1788879646,10,0,0.002,4109635
1788879706,10,0,0.003,4109635
1788879766,10,0,0.007,4109635
1788879826,10,0,0.001,4109635
1788879886,10,0,0.003,4109635
1788879946,10,0,0.003,4109635
1788880006,10,0,0.002,4109635
1788880066,10,0,0.004,4109635
1788880126,10,0,0.004,4109635
1788880186,10,0,0.002,4109635
1788880246,10,0,0.003,4109635
1788880306,10,0,0.002,4109635
1788880366,10,0,0.002,4109635
1788880426,10,0,0.002,4109635
1788880486,10,0,0.007,4109635
1788880546,10,0,0.006,4109635
1788880606,10,0,0.001,4109635
1788880666,10,0,0.003,4109635
1788880726,10,0,0.002,4109635
1788880786,10,0,0.002,4109635
1788880846,10,0,0.006,4109635
1788880906,10,0,0.002,4109635
1788880966,10,0,0.003,4109635
1788881026,10,0,0.002,4109635
1788881086,10,0,0.002,4109635
1788881146,10,0,0.003,4109635
1788881206,10,0,0.009,4109635
1788881266,10,0,0.002,4109635
1788881326,10,0,0.002,4109635
1788881386,10,0,0.005,4109635
1788881446,10,0,0.002,4109635
1788881506,10,0,0.002,4109635
1788881566,10,0,0.004,4109635
1788881626,10,0,0.002,4109635
1788881686,10,0,0.002,4109635
1788881686,STOP,,,4109635
