1789263141,11,0,4.538,618200
1789263141,10,0,0.014,618200
1789263201,10,0,0.01,618200
1789263261,10,0,0.008,618200
1789263321,10,0,0.006,618200
1789263381,10,0,0.008,618200
1789263441,10,0,0.016,618200
1789263501,10,0,0.006,618200
1789263561,10,0,0.01,618200
1789263621,10,0,0.018,618200
1789263681,10,0,0.009,618200
1789263741,10,0,0.004,618200
1789263801,10,0,0.009,618200
1789263861,10,0,0.011,618200
1789263921,10,0,0.005,618200
1789263981,10,0,0.005,618200
1789264041,10,0,0.004,618200
1789264101,10,0,0.009,618200
1789264161,10,0,0.012,618200
1789264221,10,0,0.004,618200
1789264281,10,0,0.005,618200
1789264341,10,0,0.008,618200
1789264401,10,0,0.001,618200
1789264461,10,0,0.002,618200
1789264521,10,0,0.011,618200
1789264581,10,0,0.008,618200
1789264641,10,0,0.007,618200
1789264701,10,0,0.003,618200
1789264761,10,0,0.006,618200
1789264821,10,0,0.011,618200
1789264881,10,0,0.019,618200
1789264941,10,0,0.004,618200
1789265001,10,0,0.005,618200
1789265061,10,0,0.008,618200
1789265121,10,0,0.002,618200
1789265181,10,0,0.003,618200
1789265241,10,0,0.01,618200
1789265301,10,0,0.008,618200
1789265361,10,0,0.005,618200
1789265421,10,0,0.003,618200
1789265481,10,0,0.01,618200
1789265541,10,0,0.007,618200
1789265601,10,0,0.014,618200
1789265661,10,0,0.005,618200
1789265721,10,0,0.004,618200
1789265781,10,0,0.008,618200
1789265841,10,0,0.002,618200
1789265901,10,0,0.006,618200
1789265961,10,0,0.007,618200
1789266021,10,0,0.01,618200
1789266081,10,0,0.006,618200
1789266141,10,0,0.006,618200
1789266201,10,0,0.003,618200
1789266261,10,0,0.006,618200
1789266321,10,0,0.011,618200
1789266381,10,0,0.002,618200
1789266441,10,0,0.008,618200
1789266501,10,0,0.008,618200
1789266561,10,0,0.003,618200
1789266621,10,0,0.002,618200
1789266681,10,0,0.006,618200
1789266741,10,0,0.006,618200
1789266801,10,0,0.005,618200
1789266801,STOP,,,618200
