dbt5 - Driver Customer Emulator Main
Using the following settings:

Input files location: /tmp/.mount_dbt5mAhlfL/opt/egen/flat_in

Brokerage House address: localhost
Brokerage House port: 30000

Configured customer count: 5000
Active customer count: 5000
Days of initial trades: 300
Scale Factor: 500

User Threads: 7
Sleep between creating users: 8571

Test duration (sec): 3600
Pacing Delay (msec): 0

Unique ID (seed): 0
initializing data maintenance...

Running Trade-Cleanup transaction before starting the test...
Trade-Cleanup transaction completed.

Test is starting at 09:20:56.413
Estimated duration of ramp-up: 59 seconds
Estimated end time 10:20:56.413
>> Start of ramp-up.
>> Data-Maintenance thread started.
>> End of ramp-up.
User thread # 1148175 terminated.
User thread # 1148757 terminated.
User thread # 1147425 terminated.
User thread # 1147713 terminated.
User thread # 1149483 terminated.
User thread # 1150309 terminated.
User thread # 1147316 terminated.
Data-Maintenance thread stopped.
