1788859256,11,0,3.353,1147148
1788859256,10,0,0.005,1147148
1788859316,10,0,0.003,1147148
1788859376,10,0,0.002,1147148
1788859436,10,0,0.003,1147148
1788859496,10,0,0.003,1147148
1788859556,10,0,0.008,1147148
1788859616,10,0,0.002,1147148
1788859676,10,0,0.003,1147148
1788859736,10,0,0.003,1147148
1788859796,10,0,0.003,1147148
1788859856,10,0,0.002,1147148
1788859916,10,0,0.004,1147148
1788859976,10,0,0.001,1147148
1788860036,10,0,0.003,1147148
1788860096,10,0,0.002,1147148
1788860156,10,0,0.002,1147148
1788860216,10,0,0.003,1147148
1788860276,10,0,0.007,1147148
1788860336,10,0,0.002,1147148
1788860396,10,0,0.002,1147148
1788860456,10,0,0.003,1147148
1788860516,10,0,0.002,1147148
1788860576,10,0,0.002,1147148
1788860636,10,0,0.004,1147148
1788860696,10,0,0.002,1147148
1788860756,10,0,0.003,1147148
1788860816,10,0,0.002,1147148
1788860876,10,0,0.002,1147148
1788860936,10,0,0.003,1147148
1788860996,10,0,0.009,1147148
1788861056,10,0,0.001,1147148
1788861116,10,0,0.004,1147148
1788861176,10,0,0.003,1147148
1788861236,10,0,0.001,1147148
1788861296,10,0,0.002,1147148
1788861356,10,0,0.003,1147148
1788861416,10,0,0.002,1147148
1788861476,10,0,0.002,1147148
1788861536,10,0,0.003,1147148
1788861596,10,0,0.002,1147148
1788861656,10,0,0.003,1147148
1788861716,10,0,0.007,1147148
1788861776,10,0,0.001,1147148
1788861836,10,0,0.001,1147148
1788861896,10,0,0.003,1147148
1788861956,10,0,0.002,1147148
1788862016,10,0,0.002,1147148
1788862076,10,0,0.004,1147148
1788862136,10,0,0.004,1147148
1788862196,10,0,0.003,1147148
1788862256,10,0,0.002,1147148
1788862316,10,0,0.002,1147148
1788862376,10,0,0.002,1147148
1788862436,10,0,0.006,1147148
1788862496,10,0,0.002,1147148
1788862556,10,0,0.002,1147148
1788862616,10,0,0.002,1147148
1788862676,10,0,0.002,1147148
1788862736,10,0,0.003,1147148
1788862796,10,0,0.003,1147148
1788862856,10,0,0.002,1147148
1788862916,10,0,0.002,1147148
1788862916,STOP,,,1147148
