1788949661,11,0,7.134,1872916
1788949661,10,0,0.007,1872916
1788949721,10,0,0.015,1872916
1788949781,10,0,0.005,1872916
1788949841,10,0,0.004,1872916
1788949901,10,0,0.005,1872916
1788949961,10,0,0.011,1872916
1788950021,10,0,0.004,1872916
1788950081,10,0,0.007,1872916
1788950141,10,0,0.008,1872916
1788950201,10,0,0.012,1872916
1788950261,10,0,0.002,1872916
1788950321,10,0,0.006,1872916
1788950381,10,0,0.008,1872916
1788950441,10,0,0.01,1872916
1788950501,10,0,0.002,1872916
1788950561,10,0,0.007,1872916
1788950621,10,0,0.003,1872916
1788950681,10,0,0.008,1872916
1788950741,10,0,0.002,1872916
1788950801,10,0,0.014,1872916
1788950861,10,0,0.012,1872916
1788950921,10,0,0.005,1872916
1788950981,10,0,0.01,1872916
1788951041,10,0,0.011,1872916
1788951101,10,0,0.004,1872916
1788951161,10,0,0.01,1872916
1788951221,10,0,0.002,1872916
1788951281,10,0,0.002,1872916
1788951341,10,0,0.016,1872916
1788951401,10,0,0.012,1872916
1788951461,10,0,0.001,1872916
1788951521,10,0,0.005,1872916
1788951581,10,0,0.01,1872916
1788951641,10,0,0.002,1872916
1788951701,10,0,0.002,1872916
1788951761,10,0,0.019,1872916
1788951821,10,0,0.004,1872916
1788951881,10,0,0.003,1872916
1788951941,10,0,0.015,1872916
1788952001,10,0,0.005,1872916
1788952061,10,0,0.004,1872916
1788952121,10,0,0.015,1872916
1788952181,10,0,0.003,1872916
1788952241,10,0,0.003,1872916
1788952301,10,0,0.002,1872916
1788952361,10,0,0.005,1872916
1788952421,10,0,0.004,1872916
1788952481,10,0,0.006,1872916
1788952541,10,0,0.006,1872916
1788952601,10,0,0.01,1872916
1788952661,10,0,0.003,1872916
1788952721,10,0,0.005,1872916
1788952781,10,0,0.004,1872916
1788952841,10,0,0.013,1872916
1788952901,10,0,0.006,1872916
1788952961,10,0,0.006,1872916
1788953021,10,0,0.011,1872916
1788953081,10,0,0.007,1872916
1788953141,10,0,0.004,1872916
1788953201,10,0,0.004,1872916
1788953261,10,0,0.007,1872916
1788953321,10,0,0.002,1872916
1788953321,STOP,,,1872916
