1788896867,11,0,5.274,3707559
1788896867,10,0,0.004,3707559
1788896927,10,0,0.008,3707559
1788896987,10,0,0.006,3707559
1788897047,10,0,0.007,3707559
1788897107,10,0,0.007,3707559
1788897167,10,0,0.01,3707559
1788897227,10,0,0.006,3707559
1788897287,10,0,0.003,3707559
1788897347,10,0,0.007,3707559
1788897407,10,0,0.004,3707559
1788897467,10,0,0.007,3707559
1788897527,10,0,0.005,3707559
1788897587,10,0,0.004,3707559
1788897647,10,0,0.003,3707559
1788897707,10,0,0.002,3707559
1788897767,10,0,0.003,3707559
1788897827,10,0,0.004,3707559
1788897887,10,0,0.01,3707559
1788897947,10,0,0.001,3707559
1788898007,10,0,0.007,3707559
1788898067,10,0,0.004,3707559
1788898127,10,0,0.001,3707559
1788898187,10,0,0.004,3707559
1788898247,10,0,0.004,3707559
1788898307,10,0,0.004,3707559
1788898367,10,0,0.012,3707559
1788898427,10,0,0.009,3707559
1788898487,10,0,0.004,3707559
1788898547,10,0,0.008,3707559
1788898607,10,0,0.009,3707559
1788898667,10,0,0.003,3707559
1788898727,10,0,0.004,3707559
1788898787,10,0,0.002,3707559
1788898847,10,0,0.002,3707559
1788898907,10,0,0.002,3707559
1788898967,10,0,0.004,3707559
1788899027,10,0,0.003,3707559
1788899087,10,0,0.004,3707559
1788899147,10,0,0.003,3707559
1788899207,10,0,0.002,3707559
1788899267,10,0,0.005,3707559
1788899327,10,0,0.008,3707559
1788899387,10,0,0.003,3707559
1788899447,10,0,0.003,3707559
1788899507,10,0,0.005,3707559
1788899567,10,0,0.003,3707559
1788899627,10,0,0.009,3707559
1788899687,10,0,0.004,3707559
1788899747,10,0,0.003,3707559
1788899807,10,0,0.006,3707559
1788899867,10,0,0.003,3707559
1788899927,10,0,0.003,3707559
1788899987,10,0,0.004,3707559
1788900047,10,0,0.012,3707559
1788900107,10,0,0.006,3707559
1788900167,10,0,0.005,3707559
1788900227,10,0,0.006,3707559
1788900287,10,0,0.001,3707559
1788900347,10,0,0.002,3707559
1788900407,10,0,0.003,3707559
1788900467,10,0,0.002,3707559
1788900527,10,0,0.002,3707559
1788900527,STOP,,,3707559
