1788945888,11,0,5.82,1125686
1788945888,10,0,0.005,1125686
1788945948,10,0,0.013,1125686
1788946008,10,0,0.003,1125686
1788946068,10,0,0.002,1125686
1788946128,10,0,0.003,1125686
1788946188,10,0,0.013,1125686
1788946248,10,0,0.002,1125686
1788946308,10,0,0.008,1125686
1788946368,10,0,0.012,1125686
1788946428,10,0,0.002,1125686
1788946488,10,0,0.01,1125686
1788946548,10,0,0.012,1125686
1788946608,10,0,0.002,1125686
1788946668,10,0,0.005,1125686
1788946728,10,0,0.007,1125686
1788946788,10,0,0.002,1125686
1788946848,10,0,0.004,1125686
1788946908,10,0,0.013,1125686
1788946968,10,0,0.003,1125686
1788947028,10,0,0.007,1125686
1788947088,10,0,0.003,1125686
1788947148,10,0,0.005,1125686
1788947208,10,0,0.003,1125686
1788947268,10,0,0.004,1125686
1788947328,10,0,0.013,1125686
1788947388,10,0,0.004,1125686
1788947448,10,0,0.002,1125686
1788947508,10,0,0.002,1125686
1788947568,10,0,0.002,1125686
1788947628,10,0,0.028,1125686
1788947688,10,0,0.003,1125686
1788947748,10,0,0.007,1125686
1788947808,10,0,0.002,1125686
1788947868,10,0,0.006,1125686
1788947928,10,0,0.002,1125686
1788947988,10,0,0.01,1125686
1788948048,10,0,0.003,1125686
1788948108,10,0,0.013,1125686
1788948168,10,0,0.002,1125686
1788948228,10,0,0.007,1125686
1788948288,10,0,0.004,1125686
1788948348,10,0,0.008,1125686
1788948408,10,0,0.004,1125686
1788948468,10,0,0.006,1125686
1788948528,10,0,0.004,1125686
1788948588,10,0,0.004,1125686
1788948648,10,0,0.004,1125686
1788948708,10,0,0.008,1125686
1788948768,10,0,0.004,1125686
1788948828,10,0,0.014,1125686
1788948888,10,0,0.003,1125686
1788948948,10,0,0.009,1125686
1788949008,10,0,0.003,1125686
1788949068,10,0,0.008,1125686
1788949128,10,0,0.006,1125686
1788949188,10,0,0.006,1125686
1788949248,10,0,0.005,1125686
1788949308,10,0,0.004,1125686
1788949368,10,0,0.003,1125686
1788949428,10,0,0.007,1125686
1788949488,10,0,0.002,1125686
1788949548,10,0,0.003,1125686
1788949548,STOP,,,1125686
