1788934579,11,0,6.971,3050413
1788934579,10,0,0.007,3050413
1788934639,10,0,0.007,3050413
1788934700,10,0,0.003,3050413
1788934760,10,0,0.013,3050413
1788934820,10,0,0.003,3050413
1788934880,10,0,0.018,3050413
1788934940,10,0,0.008,3050413
1788935000,10,0,0.003,3050413
1788935060,10,0,0.006,3050413
1788935120,10,0,0.001,3050413
1788935180,10,0,0.006,3050413
1788935240,10,0,0.007,3050413
1788935300,10,0,0.011,3050413
1788935360,10,0,0.002,3050413
1788935420,10,0,0.003,3050413
1788935480,10,0,0.004,3050413
1788935540,10,0,0.008,3050413
1788935600,10,0,0.011,3050413
1788935660,10,0,0.003,3050413
1788935720,10,0,0.005,3050413
1788935780,10,0,0.003,3050413
1788935840,10,0,0.006,3050413
1788935900,10,0,0.011,3050413
1788935960,10,0,0.01,3050413
1788936020,10,0,0.004,3050413
1788936080,10,0,0.006,3050413
1788936140,10,0,0.002,3050413
1788936200,10,0,0.004,3050413
1788936260,10,0,0.009,3050413
1788936320,10,0,0.011,3050413
1788936380,10,0,0.002,3050413
1788936440,10,0,0.005,3050413
1788936500,10,0,0.006,3050413
1788936560,10,0,0.002,3050413
1788936620,10,0,0.009,3050413
1788936680,10,0,0.01,3050413
1788936740,10,0,0.005,3050413
1788936800,10,0,0.008,3050413
1788936860,10,0,0.006,3050413
1788936920,10,0,0.004,3050413
1788936980,10,0,0.002,3050413
1788937040,10,0,0.014,3050413
1788937100,10,0,0.01,3050413
1788937160,10,0,0.008,3050413
1788937220,10,0,0.004,3050413
1788937280,10,0,0.012,3050413
1788937340,10,0,0.003,3050413
1788937400,10,0,0.007,3050413
1788937460,10,0,0.002,3050413
1788937520,10,0,0.005,3050413
1788937580,10,0,0.002,3050413
1788937640,10,0,0.006,3050413
1788937700,10,0,0.007,3050413
1788937760,10,0,0.011,3050413
1788937820,10,0,0.002,3050413
1788937880,10,0,0.002,3050413
1788937940,10,0,0.008,3050413
1788938000,10,0,0.004,3050413
1788938060,10,0,0.005,3050413
1788938120,10,0,0.01,3050413
1788938180,10,0,0.008,3050413
1788938240,10,0,0.002,3050413
1788938240,STOP,,,3050413
