1788938350,11,0,5.111,3811713
1788938350,10,0,0.005,3811713
1788938410,10,0,0.008,3811713
1788938470,10,0,0.01,3811713
1788938530,10,0,0.007,3811713
1788938590,10,0,0.009,3811713
1788938650,10,0,0.013,3811713
1788938710,10,0,0.004,3811713
1788938770,10,0,0.004,3811713
1788938830,10,0,0.013,3811713
1788938890,10,0,0.006,3811713
1788938950,10,0,0.001,3811713
1788939010,10,0,0.013,3811713
1788939070,10,0,0.003,3811713
1788939130,10,0,0.006,3811713
1788939190,10,0,0.001,3811713
1788939250,10,0,0.004,3811713
1788939310,10,0,0.012,3811713
1788939370,10,0,0.007,3811713
1788939430,10,0,0.003,3811713
1788939490,10,0,0.006,3811713
1788939550,10,0,0.004,3811713
1788939610,10,0,0.005,3811713
1788939670,10,0,0.007,3811713
1788939730,10,0,0.013,3811713
1788939790,10,0,0.004,3811713
1788939850,10,0,0.004,3811713
1788939910,10,0,0.002,3811713
1788939970,10,0,0.009,3811713
1788940030,10,0,0.008,3811713
1788940090,10,0,0.016,3811713
1788940150,10,0,0.008,3811713
1788940210,10,0,0.007,3811713
1788940270,10,0,0.003,3811713
1788940330,10,0,0.008,3811713
1788940390,10,0,0.002,3811713
1788940450,10,0,0.007,3811713
1788940510,10,0,0.013,3811713
1788940570,10,0,0.006,3811713
1788940630,10,0,0.004,3811713
1788940690,10,0,0.007,3811713
1788940750,10,0,0.011,3811713
1788940810,10,0,0.019,3811713
1788940870,10,0,0.002,3811713
1788940930,10,0,0.004,3811713
1788940990,10,0,0.005,3811713
1788941050,10,0,0.003,3811713
1788941110,10,0,0.009,3811713
1788941170,10,0,0.016,3811713
1788941230,10,0,0.003,3811713
1788941290,10,0,0.003,3811713
1788941350,10,0,0.003,3811713
1788941410,10,0,0.002,3811713
1788941470,10,0,0.003,3811713
1788941530,10,0,0.018,3811713
1788941590,10,0,0.004,3811713
1788941650,10,0,0.017,3811713
1788941710,10,0,0.002,3811713
1788941770,10,0,0.001,3811713
1788941830,10,0,0.002,3811713
1788941890,10,0,0.013,3811713
1788941950,10,0,0.004,3811713
1788942010,10,0,0.003,3811713
1788942010,STOP,,,3811713
