dbt5 - Driver Customer Emulator Main
Using the following settings:

Input files location: /tmp/.mount_dbt5Ocddmd/opt/egen/flat_in

Brokerage House address: localhost
Brokerage House port: 30000

Configured customer count: 5000
Active customer count: 5000
Days of initial trades: 300
Scale Factor: 500

User Threads: 20
Sleep between creating users: 3000

Test duration (sec): 3600
Pacing Delay (msec): 0

Unique ID (seed): 0
initializing data maintenance...

Running Trade-Cleanup transaction before starting the test...
Trade-Cleanup transaction completed.

Test is starting at 22:56:21.187
Estimated duration of ramp-up: 60 seconds
Estimated end time 23:57:21.187
>> Start of ramp-up.
>> Data-Maintenance thread started.
>> End of ramp-up.
User thread # 1850639 terminated.
User thread # 1846418 terminated.
User thread # 1847560 terminated.
User thread # 1846074 terminated.
User thread # 1849701 terminated.
User thread # 1847919 terminated.
User thread # 1850181 terminated.
User thread # 1849225 terminated.
User thread # 1846220 terminated.
User thread # 1846917 terminated.
User thread # 1845951 terminated.
User thread # 1851753 terminated.
User thread # 1847234 terminated.
User thread # 1845879 terminated.
User thread # 1846657 terminated.
User thread # 1851157 terminated.
User thread # 1852247 terminated.
User thread # 1848750 terminated.
User thread # 1845896 terminated.
User thread # 1848330 terminated.
Data-Maintenance thread stopped.
