1788908181,11,0,6.544,1845711
1788908181,10,0,0.004,1845711
1788908241,10,0,0.016,1845711
1788908301,10,0,0.006,1845711
1788908361,10,0,0.002,1845711
1788908421,10,0,0.005,1845711
1788908481,10,0,0.009,1845711
1788908541,10,0,0.008,1845711
1788908601,10,0,0.004,1845711
1788908661,10,0,0.004,1845711
1788908721,10,0,0.003,1845711
1788908781,10,0,0.003,1845711
1788908841,10,0,0.017,1845711
1788908901,10,0,0.002,1845711
1788908961,10,0,0.003,1845711
1788909021,10,0,0.002,1845711
1788909081,10,0,0.002,1845711
1788909141,10,0,0.004,1845711
1788909201,10,0,0.009,1845711
1788909261,10,0,0.005,1845711
1788909321,10,0,0.006,1845711
1788909381,10,0,0.004,1845711
1788909441,10,0,0.006,1845711
1788909501,10,0,0.002,1845711
1788909561,10,0,0.009,1845711
1788909621,10,0,0.002,1845711
1788909681,10,0,0.011,1845711
1788909741,10,0,0.004,1845711
1788909801,10,0,0.004,1845711
1788909861,10,0,0.003,1845711
1788909921,10,0,0.011,1845711
1788909981,10,0,0.005,1845711
1788910041,10,0,0.003,1845711
1788910101,10,0,0.005,1845711
1788910161,10,0,0.002,1845711
1788910221,10,0,0.002,1845711
1788910281,10,0,0.004,1845711
1788910341,10,0,0.002,1845711
1788910401,10,0,0.005,1845711
1788910461,10,0,0.002,1845711
1788910521,10,0,0.002,1845711
1788910581,10,0,0.01,1845711
1788910641,10,0,0.013,1845711
1788910701,10,0,0.001,1845711
1788910761,10,0,0.005,1845711
1788910821,10,0,0.003,1845711
1788910881,10,0,0.001,1845711
1788910941,10,0,0.007,1845711
1788911001,10,0,0.011,1845711
1788911061,10,0,0.007,1845711
1788911121,10,0,0.002,1845711
1788911181,10,0,0.002,1845711
1788911241,10,0,0.005,1845711
1788911301,10,0,0.01,1845711
1788911361,10,0,0.009,1845711
1788911421,10,0,0.003,1845711
1788911481,10,0,0.003,1845711
1788911541,10,0,0.003,1845711
1788911601,10,0,0.003,1845711
1788911661,10,0,0.002,1845711
1788911721,10,0,0.007,1845711
1788911781,10,0,0.002,1845711
1788911841,10,0,0.002,1845711
1788911841,STOP,,,1845711
