1788893096,11,0,5.652,2925977
1788893096,10,0,0.004,2925977
1788893156,10,0,0.01,2925977
1788893216,10,0,0.006,2925977
1788893276,10,0,0.009,2925977
1788893336,10,0,0.003,2925977
1788893396,10,0,0.011,2925977
1788893456,10,0,0.002,2925977
1788893516,10,0,0.003,2925977
1788893576,10,0,0.004,2925977
1788893636,10,0,0.002,2925977
1788893696,10,0,0.005,2925977
1788893756,10,0,0.012,2925977
1788893816,10,0,0.002,2925977
1788893876,10,0,0.002,2925977
1788893936,10,0,0.003,2925977
1788893996,10,0,0.007,2925977
1788894056,10,0,0.005,2925977
1788894116,10,0,0.009,2925977
1788894176,10,0,0.003,2925977
1788894236,10,0,0.006,2925977
1788894296,10,0,0.006,2925977
1788894356,10,0,0.007,2925977
1788894416,10,0,0.002,2925977
1788894476,10,0,0.008,2925977
1788894536,10,0,0.002,2925977
1788894596,10,0,0.003,2925977
1788894656,10,0,0.003,2925977
1788894716,10,0,0.002,2925977
1788894776,10,0,0.013,2925977
1788894836,10,0,0.008,2925977
1788894896,10,0,0.002,2925977
1788894956,10,0,0.003,2925977
1788895016,10,0,0.003,2925977
1788895076,10,0,0.002,2925977
1788895136,10,0,0.003,2925977
1788895196,10,0,0.005,2925977
1788895256,10,0,0.003,2925977
1788895316,10,0,0.008,2925977
1788895376,10,0,0.002,2925977
1788895436,10,0,0.004,2925977
1788895496,10,0,0.006,2925977
1788895556,10,0,0.008,2925977
1788895616,10,0,0.002,2925977
1788895676,10,0,0.002,2925977
1788895736,10,0,0.006,2925977
1788895796,10,0,0.002,2925977
1788895856,10,0,0.001,2925977
1788895916,10,0,0.007,2925977
1788895976,10,0,0.002,2925977
1788896036,10,0,0.003,2925977
1788896096,10,0,0.003,2925977
1788896156,10,0,0.004,2925977
1788896216,10,0,0.008,2925977
1788896276,10,0,0.007,2925977
1788896336,10,0,0.002,2925977
1788896396,10,0,0.004,2925977
1788896456,10,0,0.004,2925977
1788896516,10,0,0.005,2925977
1788896576,10,0,0.003,2925977
1788896636,10,0,0.006,2925977
1788896696,10,0,0.003,2925977
1788896756,10,0,0.002,2925977
1788896756,STOP,,,2925977
