1789185808,11,0,3.444,973126
1789185808,10,0,0.01,973126
1789185868,10,0,0.015,973126
1789185928,10,0,0.008,973126
1789185988,10,0,0.01,973126
1789186048,10,0,0.017,973126
1789186108,10,0,0.027,973126
1789186168,10,0,0.012,973126
1789186228,10,0,0.007,973126
1789186288,10,0,0.02,973126
1789186348,10,0,0.011,973126
1789186408,10,0,0.005,973126
1789186468,10,0,0.044,973126
1789186528,10,0,0.006,973126
1789186588,10,0,0.006,973126
1789186648,10,0,0.004,973126
1789186708,10,0,0.003,973126
1789186768,10,0,0.009,973126
1789186828,10,0,0.019,973126
1789186888,10,0,0.004,973126
1789186948,10,0,0.007,973126
1789187008,10,0,0.007,973126
1789187068,10,0,0.004,973126
1789187128,10,0,0.005,973126
1789187188,10,0,0.017,973126
1789187248,10,0,0.004,973126
1789187308,10,0,0.009,973126
1789187368,10,0,0.003,973126
1789187428,10,0,0.005,973126
1789187488,10,0,0.009,973126
1789187548,10,0,0.019,973126
1789187608,10,0,0.001,973126
1789187668,10,0,0.005,973126
1789187728,10,0,0.009,973126
1789187788,10,0,0.01,973126
1789187848,10,0,0.01,973126
1789187908,10,0,0.008,973126
1789187968,10,0,0.005,973126
1789188028,10,0,0.003,973126
1789188088,10,0,0.006,973126
1789188148,10,0,0.003,973126
1789188208,10,0,0.012,973126
1789188268,10,0,0.022,973126
1789188328,10,0,0.002,973126
1789188388,10,0,0.006,973126
1789188448,10,0,0.009,973126
1789188508,10,0,0.002,973126
1789188568,10,0,0.004,973126
1789188628,10,0,0.01,973126
1789188688,10,0,0.01,973126
1789188748,10,0,0.004,973126
1789188808,10,0,0.004,973126
1789188868,10,0,0.005,973126
1789188928,10,0,0.006,973126
1789188988,10,0,0.017,973126
1789189048,10,0,0.002,973126
1789189108,10,0,0.004,973126
1789189168,10,0,0.012,973126
1789189228,10,0,0.006,973126
1789189288,10,0,0.003,973126
1789189348,10,0,0.013,973126
1789189408,10,0,0.013,973126
1789189468,10,0,0.004,973126
1789189468,STOP,,,973126
