1789027211,11,0,5.064,1450658
1789027211,10,0,0.01,1450658
1789027271,10,0,0.012,1450658
1789027331,10,0,0.007,1450658
1789027391,10,0,0.012,1450658
1789027451,10,0,0.026,1450658
1789027511,10,0,0.024,1450658
1789027571,10,0,0.008,1450658
1789027631,10,0,0.007,1450658
1789027691,10,0,0.027,1450658
1789027751,10,0,0.013,1450658
1789027811,10,0,0.007,1450658
1789027871,10,0,0.024,1450658
1789027931,10,0,0.007,1450658
1789027991,10,0,0.005,1450658
1789028051,10,0,0.004,1450658
1789028111,10,0,0.004,1450658
1789028171,10,0,0.008,1450658
1789028231,10,0,0.018,1450658
1789028291,10,0,0.009,1450658
1789028351,10,0,0.011,1450658
1789028411,10,0,0.019,1450658
1789028471,10,0,0.004,1450658
1789028531,10,0,0.003,1450658
1789028591,10,0,0.011,1450658
1789028651,10,0,0.005,1450658
1789028711,10,0,0.006,1450658
1789028771,10,0,0.005,1450658
1789028832,10,0,0.009,1450658
1789028891,10,0,0.009,1450658
1789028951,10,0,0.02,1450658
1789029011,10,0,0.007,1450658
1789029071,10,0,0.003,1450658
1789029131,10,0,0.014,1450658
1789029191,10,0,0.003,1450658
1789029251,10,0,0.005,1450658
1789029311,10,0,0.014,1450658
1789029371,10,0,0.003,1450658
1789029431,10,0,0.016,1450658
1789029491,10,0,0.003,1450658
1789029551,10,0,0.008,1450658
1789029611,10,0,0.007,1450658
1789029671,10,0,0.013,1450658
1789029731,10,0,0.002,1450658
1789029791,10,0,0.008,1450658
1789029851,10,0,0.006,1450658
1789029911,10,0,0.003,1450658
1789029971,10,0,0.003,1450658
1789030031,10,0,0.011,1450658
1789030091,10,0,0.007,1450658
1789030151,10,0,0.004,1450658
1789030211,10,0,0.005,1450658
1789030271,10,0,0.002,1450658
1789030331,10,0,0.006,1450658
1789030391,10,0,0.025,1450658
1789030451,10,0,0.002,1450658
1789030511,10,0,0.006,1450658
1789030571,10,0,0.009,1450658
1789030631,10,0,0.002,1450658
1789030691,10,0,0.004,1450658
1789030751,10,0,0.009,1450658
1789030811,10,0,0.005,1450658
1789030871,10,0,0.004,1450658
1789030871,STOP,,,1450658
