1788927036,11,0,5.044,1519572
1788927036,10,0,0.005,1519572
1788927096,10,0,0.006,1519572
1788927156,10,0,0.005,1519572
1788927216,10,0,0.004,1519572
1788927276,10,0,0.011,1519572
1788927336,10,0,0.015,1519572
1788927396,10,0,0.002,1519572
1788927456,10,0,0.005,1519572
1788927516,10,0,0.013,1519572
1788927576,10,0,0.003,1519572
1788927636,10,0,0.005,1519572
1788927696,10,0,0.009,1519572
1788927756,10,0,0.004,1519572
1788927816,10,0,0.003,1519572
1788927876,10,0,0.006,1519572
1788927936,10,0,0.004,1519572
1788927996,10,0,0.002,1519572
1788928056,10,0,0.014,1519572
1788928116,10,0,0.011,1519572
1788928176,10,0,0.008,1519572
1788928236,10,0,0.006,1519572
1788928296,10,0,0.002,1519572
1788928356,10,0,0.01,1519572
1788928416,10,0,0.005,1519572
1788928476,10,0,0.007,1519572
1788928536,10,0,0.003,1519572
1788928596,10,0,0.003,1519572
1788928656,10,0,0.005,1519572
1788928716,10,0,0.003,1519572
1788928776,10,0,0.027,1519572
1788928836,10,0,0.002,1519572
1788928896,10,0,0.002,1519572
1788928956,10,0,0.008,1519572
1788929016,10,0,0.003,1519572
1788929076,10,0,0.004,1519572
1788929136,10,0,0.004,1519572
1788929196,10,0,0.008,1519572
1788929256,10,0,0.003,1519572
1788929316,10,0,0.002,1519572
1788929376,10,0,0.004,1519572
1788929436,10,0,0.011,1519572
1788929496,10,0,0.011,1519572
1788929556,10,0,0.005,1519572
1788929616,10,0,0.005,1519572
1788929676,10,0,0.004,1519572
1788929736,10,0,0.003,1519572
1788929796,10,0,0.016,1519572
1788929856,10,0,0.007,1519572
1788929916,10,0,0.003,1519572
1788929976,10,0,0.012,1519572
1788930036,10,0,0.002,1519572
1788930096,10,0,0.006,1519572
1788930156,10,0,0.003,1519572
1788930216,10,0,0.015,1519572
1788930276,10,0,0.004,1519572
1788930336,10,0,0.002,1519572
1788930396,10,0,0.003,1519572
1788930456,10,0,0.01,1519572
1788930516,10,0,0.001,1519572
1788930576,10,0,0.012,1519572
1788930636,10,0,0.003,1519572
1788930696,10,0,0.003,1519572
1788930696,STOP,,,1519572
