dbt5 - Driver Customer Emulator Main
Using the following settings:

Input files location: /tmp/.mount_dbt5mFmGli/opt/egen/flat_in

Brokerage House address: localhost
Brokerage House port: 30000

Configured customer count: 32000
Active customer count: 32000
Days of initial trades: 300
Scale Factor: 500

User Threads: 22
Sleep between creating users: 2727

Test duration (sec): 3600
Pacing Delay (msec): 0

Unique ID (seed): 0
initializing data maintenance...

Running Trade-Cleanup transaction before starting the test...
Trade-Cleanup transaction completed.

Test is starting at 15:14:52.356
Estimated duration of ramp-up: 59 seconds
Estimated end time 16:14:52.356
>> Start of ramp-up.
>> Data-Maintenance thread started.
>> End of ramp-up.
User thread # 2423811 terminated.
User thread # 2424172 terminated.
User thread # 2424631 terminated.
User thread # 2424795 terminated.
User thread # 2423268 terminated.
User thread # 2423718 terminated.
User thread # 2424333 terminated.
User thread # 2423068 terminated.
User thread # 2423343 terminated.
User thread # 2425186 terminated.
User thread # 2424496 terminated.
User thread # 2424036 terminated.
User thread # 2423434 terminated.
User thread # 2423606 terminated.
User thread # 2423195 terminated.
User thread # 2423051 terminated.
User thread # 2423517 terminated.
User thread # 2423909 terminated.
User thread # 2423103 terminated.
User thread # 2424949 terminated.
User thread # 2423044 terminated.
User thread # 2423144 terminated.
Data-Maintenance thread stopped.
