1789226092,11,0,2.761,2422876
1789226092,10,0,0.012,2422876
1789226152,10,0,0.008,2422876
1789226212,10,0,0.008,2422876
1789226272,10,0,0.008,2422876
1789226332,10,0,0.015,2422876
1789226392,10,0,0.021,2422876
1789226452,10,0,0.004,2422876
1789226512,10,0,0.013,2422876
1789226572,10,0,0.01,2422876
1789226632,10,0,0.006,2422876
1789226692,10,0,0.003,2422876
1789226752,10,0,0.018,2422876
1789226812,10,0,0.01,2422876
1789226872,10,0,0.006,2422876
1789226932,10,0,0.005,2422876
1789226992,10,0,0.007,2422876
1789227052,10,0,0.007,2422876
1789227112,10,0,0.018,2422876
1789227172,10,0,0.003,2422876
1789227232,10,0,0.006,2422876
1789227292,10,0,0.008,2422876
1789227352,10,0,0.006,2422876
1789227412,10,0,0.006,2422876
1789227472,10,0,0.009,2422876
1789227532,10,0,0.007,2422876
1789227592,10,0,0.007,2422876
1789227652,10,0,0.003,2422876
1789227712,10,0,0.002,2422876
1789227772,10,0,0.009,2422876
1789227832,10,0,0.056,2422876
1789227892,10,0,0.003,2422876
1789227952,10,0,0.007,2422876
1789228012,10,0,0.01,2422876
1789228072,10,0,0.005,2422876
1789228132,10,0,0.003,2422876
1789228192,10,0,0.009,2422876
1789228252,10,0,0.01,2422876
1789228312,10,0,0.005,2422876
1789228372,10,0,0.003,2422876
1789228432,10,0,0.007,2422876
1789228492,10,0,0.009,2422876
1789228552,10,0,0.03,2422876
1789228612,10,0,0.003,2422876
1789228672,10,0,0.004,2422876
1789228732,10,0,0.006,2422876
1789228792,10,0,0.002,2422876
1789228852,10,0,0.003,2422876
1789228912,10,0,0.009,2422876
1789228972,10,0,0.007,2422876
1789229032,10,0,0.007,2422876
1789229092,10,0,0.006,2422876
1789229152,10,0,0.005,2422876
1789229212,10,0,0.012,2422876
1789229272,10,0,0.017,2422876
1789229332,10,0,0.002,2422876
1789229392,10,0,0.004,2422876
1789229452,10,0,0.005,2422876
1789229512,10,0,0.003,2422876
1789229572,10,0,0.007,2422876
1789229632,10,0,0.008,2422876
1789229692,10,0,0.005,2422876
1789229752,10,0,0.005,2422876
1789229752,STOP,,,2422876
