1789248792,11,0,3.772,3985325
1789248792,10,0,0.008,3985325
1789248852,10,0,0.006,3985325
1789248912,10,0,0.01,3985325
1789248972,10,0,0.004,3985325
1789249032,10,0,0.012,3985325
1789249092,10,0,0.016,3985325
1789249152,10,0,0.008,3985325
1789249212,10,0,0.006,3985325
1789249272,10,0,0.015,3985325
1789249332,10,0,0.009,3985325
1789249392,10,0,0.005,3985325
1789249452,10,0,0.012,3985325
1789249512,10,0,0.005,3985325
1789249572,10,0,0.009,3985325
1789249632,10,0,0.003,3985325
1789249692,10,0,0.004,3985325
1789249752,10,0,0.012,3985325
1789249812,10,0,0.012,3985325
1789249872,10,0,0.001,3985325
1789249932,10,0,0.004,3985325
1789249992,10,0,0.005,3985325
1789250052,10,0,0.003,3985325
1789250112,10,0,0.007,3985325
1789250172,10,0,0.011,3985325
1789250232,10,0,0.005,3985325
1789250292,10,0,0.008,3985325
1789250352,10,0,0.002,3985325
1789250412,10,0,0.003,3985325
1789250472,10,0,0.005,3985325
1789250532,10,0,0.014,3985325
1789250592,10,0,0.008,3985325
1789250652,10,0,0.01,3985325
1789250712,10,0,0.006,3985325
1789250772,10,0,0.003,3985325
1789250832,10,0,0.003,3985325
1789250892,10,0,0.009,3985325
1789250952,10,0,0.004,3985325
1789251012,10,0,0.009,3985325
1789251072,10,0,0.003,3985325
1789251132,10,0,0.004,3985325
1789251192,10,0,0.007,3985325
1789251252,10,0,0.011,3985325
1789251312,10,0,0.002,3985325
1789251372,10,0,0.004,3985325
1789251432,10,0,0.012,3985325
1789251492,10,0,0.003,3985325
1789251552,10,0,0.005,3985325
1789251612,10,0,0.007,3985325
1789251672,10,0,0.007,3985325
1789251732,10,0,0.007,3985325
1789251792,10,0,0.008,3985325
1789251852,10,0,0.005,3985325
1789251912,10,0,0.006,3985325
1789251972,10,0,0.01,3985325
1789252032,10,0,0.003,3985325
1789252092,10,0,0.006,3985325
1789252152,10,0,0.007,3985325
1789252212,10,0,0.002,3985325
1789252272,10,0,0.006,3985325
1789252332,10,0,0.01,3985325
1789252392,10,0,0.004,3985325
1789252452,10,0,0.004,3985325
1789252452,STOP,,,3985325
