dbt5 - Driver Customer Emulator Main
Using the following settings:

Input files location: /tmp/.mount_dbt5hkbMcj/opt/egen/flat_in

Brokerage House address: localhost
Brokerage House port: 30000

Configured customer count: 35000
Active customer count: 35000
Days of initial trades: 300
Scale Factor: 500

User Threads: 20
Sleep between creating users: 3000

Test duration (sec): 3600
Pacing Delay (msec): 0

Unique ID (seed): 0
initializing data maintenance...

Running Trade-Cleanup transaction before starting the test...
Trade-Cleanup transaction completed.

Test is starting at 01:46:17.717
Estimated duration of ramp-up: 60 seconds
Estimated end time 02:47:17.717
>> Start of ramp-up.
>> Data-Maintenance thread started.
>> End of ramp-up.
User thread # 558086 terminated.
User thread # 557790 terminated.
User thread # 557398 terminated.
User thread # 558206 terminated.
User thread # 558582 terminated.
User thread # 557685 terminated.
User thread # 557611 terminated.
User thread # 558337 terminated.
User thread # 558829 terminated.
User thread # 557983 terminated.
User thread # 558470 terminated.
User thread # 557324 terminated.
User thread # 557317 terminated.
User thread # 557460 terminated.
User thread # 557360 terminated.
User thread # 557537 terminated.
User thread # 557340 terminated.
User thread # 558704 terminated.
User thread # 557895 terminated.
User thread # 559027 terminated.
Data-Maintenance thread stopped.
