1789177577,11,0,3.234,557150
1789177577,10,0,0.014,557150
1789177637,10,0,0.006,557150
1789177697,10,0,0.008,557150
1789177757,10,0,0.009,557150
1789177817,10,0,0.041,557150
1789177877,10,0,0.034,557150
1789177937,10,0,0.006,557150
1789177997,10,0,0.008,557150
1789178057,10,0,0.011,557150
1789178117,10,0,0.012,557150
1789178177,10,0,0.011,557150
1789178237,10,0,0.012,557150
1789178297,10,0,0.005,557150
1789178357,10,0,0.005,557150
1789178417,10,0,0.003,557150
1789178477,10,0,0.008,557150
1789178537,10,0,0.007,557150
1789178597,10,0,0.013,557150
1789178657,10,0,0.003,557150
1789178717,10,0,0.004,557150
1789178777,10,0,0.012,557150
1789178837,10,0,0.006,557150
1789178897,10,0,0.003,557150
1789178957,10,0,0.01,557150
1789179017,10,0,0.006,557150
1789179077,10,0,0.006,557150
1789179138,10,0,0.005,557150
1789179197,10,0,0.003,557150
1789179257,10,0,0.005,557150
1789179317,10,0,0.015,557150
1789179377,10,0,0.003,557150
1789179437,10,0,0.004,557150
1789179497,10,0,0.012,557150
1789179557,10,0,0.002,557150
1789179617,10,0,0.005,557150
1789179677,10,0,0.015,557150
1789179737,10,0,0.006,557150
1789179797,10,0,0.006,557150
1789179857,10,0,0.004,557150
1789179917,10,0,0.003,557150
1789179977,10,0,0.006,557150
1789180037,10,0,0.013,557150
1789180097,10,0,0.003,557150
1789180157,10,0,0.003,557150
1789180217,10,0,0.007,557150
1789180277,10,0,0.002,557150
1789180337,10,0,0.003,557150
1789180397,10,0,0.012,557150
1789180457,10,0,0.005,557150
1789180517,10,0,0.018,557150
1789180577,10,0,0.003,557150
1789180637,10,0,0.003,557150
1789180697,10,0,0.006,557150
1789180757,10,0,0.01,557150
1789180817,10,0,0.006,557150
1789180877,10,0,0.005,557150
1789180937,10,0,0.006,557150
1789180997,10,0,0.002,557150
1789181057,10,0,0.003,557150
1789181117,10,0,0.013,557150
1789181177,10,0,0.007,557150
1789181237,10,0,0.005,557150
1789181237,STOP,,,557150
