1789022099,11,0,3.378,1170590
1789022099,10,0,0.011,1170590
1789022159,10,0,0.005,1170590
1789022219,10,0,0.007,1170590
1789022279,10,0,0.012,1170590
1789022339,10,0,0.014,1170590
1789022399,10,0,0.04,1170590
1789022459,10,0,0.01,1170590
1789022519,10,0,0.009,1170590
1789022579,10,0,0.015,1170590
1789022639,10,0,0.009,1170590
1789022699,10,0,0.004,1170590
1789022759,10,0,0.018,1170590
1789022819,10,0,0.008,1170590
1789022879,10,0,0.01,1170590
1789022939,10,0,0.005,1170590
1789022999,10,0,0.006,1170590
1789023059,10,0,0.012,1170590
1789023119,10,0,0.017,1170590
1789023179,10,0,0.003,1170590
1789023239,10,0,0.01,1170590
1789023299,10,0,0.01,1170590
1789023359,10,0,0.006,1170590
1789023419,10,0,0.006,1170590
1789023479,10,0,0.009,1170590
1789023539,10,0,0.008,1170590
1789023599,10,0,0.01,1170590
1789023659,10,0,0.002,1170590
1789023719,10,0,0.002,1170590
1789023779,10,0,0.011,1170590
1789023839,10,0,0.016,1170590
1789023899,10,0,0.002,1170590
1789023959,10,0,0.004,1170590
1789024019,10,0,0.005,1170590
1789024079,10,0,0.003,1170590
1789024139,10,0,0.004,1170590
1789024199,10,0,0.015,1170590
1789024259,10,0,0.006,1170590
1789024319,10,0,0.008,1170590
1789024379,10,0,0.006,1170590
1789024439,10,0,0.006,1170590
1789024499,10,0,0.015,1170590
1789024559,10,0,0.012,1170590
1789024619,10,0,0.004,1170590
1789024679,10,0,0.008,1170590
1789024740,10,0,0.166,1170590
1789024799,10,0,0.005,1170590
1789024859,10,0,0.004,1170590
1789024919,10,0,0.012,1170590
1789024979,10,0,0.006,1170590
1789025039,10,0,0.005,1170590
1789025099,10,0,0.01,1170590
1789025159,10,0,0.006,1170590
1789025219,10,0,0.007,1170590
1789025279,10,0,0.018,1170590
1789025339,10,0,0.005,1170590
1789025399,10,0,0.003,1170590
1789025459,10,0,0.007,1170590
1789025519,10,0,0.003,1170590
1789025579,10,0,0.006,1170590
1789025639,10,0,0.013,1170590
1789025699,10,0,0.003,1170590
1789025759,10,0,0.003,1170590
1789025759,STOP,,,1170590
