1788844278,11,0,1.171,3860095
1788844278,10,0,0.005,3860095
1788844338,10,0,0.003,3860095
1788844398,10,0,0.002,3860095
1788844458,10,0,0.002,3860095
1788844518,10,0,0.003,3860095
1788844578,10,0,0.007,3860095
1788844638,10,0,0.002,3860095
1788844698,10,0,0.002,3860095
1788844758,10,0,0.002,3860095
1788844818,10,0,0.001,3860095
1788844878,10,0,0.001,3860095
1788844938,10,0,0.004,3860095
1788844998,10,0,0.001,3860095
1788845058,10,0,0.004,3860095
1788845118,10,0,0.002,3860095
1788845178,10,0,0.001,3860095
1788845238,10,0,0.002,3860095
1788845298,10,0,0.007,3860095
1788845358,10,0,0.001,3860095
1788845418,10,0,0.003,3860095
1788845478,10,0,0.002,3860095
1788845538,10,0,0.002,3860095
1788845598,10,0,0.002,3860095
1788845658,10,0,0.003,3860095
1788845718,10,0,0.002,3860095
1788845778,10,0,0.002,3860095
1788845838,10,0,0.001,3860095
1788845898,10,0,0.002,3860095
1788845958,10,0,0.003,3860095
1788846018,10,0,0.008,3860095
1788846078,10,0,0.001,3860095
1788846138,10,0,0.002,3860095
1788846198,10,0,0.003,3860095
1788846258,10,0,0.001,3860095
1788846318,10,0,0.001,3860095
1788846378,10,0,0.004,3860095
1788846438,10,0,0.002,3860095
1788846498,10,0,0.003,3860095
1788846558,10,0,0.002,3860095
1788846618,10,0,0.001,3860095
1788846678,10,0,0.003,3860095
1788846738,10,0,0.008,3860095
1788846798,10,0,0.002,3860095
1788846858,10,0,0.003,3860095
1788846918,10,0,0.003,3860095
1788846978,10,0,0.002,3860095
1788847038,10,0,0.002,3860095
1788847098,10,0,0.002,3860095
1788847158,10,0,0.002,3860095
1788847218,10,0,0.002,3860095
1788847278,10,0,0.001,3860095
1788847338,10,0,0.001,3860095
1788847398,10,0,0.003,3860095
1788847458,10,0,0.007,3860095
1788847518,10,0,0.001,3860095
1788847578,10,0,0.002,3860095
1788847638,10,0,0.002,3860095
1788847698,10,0,0.001,3860095
1788847758,10,0,0.002,3860095
1788847818,10,0,0.002,3860095
1788847878,10,0,0.001,3860095
1788847938,10,0,0.003,3860095
1788847938,STOP,,,3860095
