1789073633,11,0,2.715,3833978
1789073633,10,0,0.014,3833978
1789073693,10,0,0.008,3833978
1789073753,10,0,0.006,3833978
1789073813,10,0,0.008,3833978
1789073873,10,0,0.015,3833978
1789073933,10,0,0.034,3833978
1789073993,10,0,0.005,3833978
1789074053,10,0,0.006,3833978
1789074113,10,0,0.018,3833978
1789074173,10,0,0.007,3833978
1789074233,10,0,0.007,3833978
1789074293,10,0,0.016,3833978
1789074354,10,0,0.005,3833978
1789074413,10,0,0.006,3833978
1789074473,10,0,0.002,3833978
1789074533,10,0,0.005,3833978
1789074593,10,0,0.01,3833978
1789074653,10,0,0.014,3833978
1789074713,10,0,0.005,3833978
1789074773,10,0,0.004,3833978
1789074833,10,0,0.014,3833978
1789074893,10,0,0.003,3833978
1789074953,10,0,0.003,3833978
1789075013,10,0,0.011,3833978
1789075073,10,0,0.006,3833978
1789075133,10,0,0.01,3833978
1789075193,10,0,0.002,3833978
1789075253,10,0,0.003,3833978
1789075313,10,0,0.007,3833978
1789075373,10,0,0.017,3833978
1789075433,10,0,0.003,3833978
1789075493,10,0,0.006,3833978
1789075553,10,0,0.007,3833978
1789075613,10,0,0.002,3833978
1789075673,10,0,0.004,3833978
1789075733,10,0,0.014,3833978
1789075793,10,0,0.007,3833978
1789075853,10,0,0.006,3833978
1789075913,10,0,0.006,3833978
1789075973,10,0,0.007,3833978
1789076033,10,0,0.006,3833978
1789076093,10,0,0.021,3833978
1789076153,10,0,0.002,3833978
1789076213,10,0,0.005,3833978
1789076273,10,0,0.006,3833978
1789076333,10,0,0.002,3833978
1789076393,10,0,0.004,3833978
1789076453,10,0,0.013,3833978
1789076513,10,0,0.009,3833978
1789076573,10,0,0.007,3833978
1789076633,10,0,0.006,3833978
1789076693,10,0,0.004,3833978
1789076753,10,0,0.011,3833978
1789076813,10,0,0.015,3833978
1789076873,10,0,0.002,3833978
1789076933,10,0,0.004,3833978
1789076993,10,0,0.009,3833978
1789077053,10,0,0.005,3833978
1789077113,10,0,0.004,3833978
1789077173,10,0,0.013,3833978
1789077233,10,0,0.012,3833978
1789077293,10,0,0.004,3833978
1789077293,STOP,,,3833978
