dbt5 - Driver Customer Emulator Main
Using the following settings:

Input files location: /tmp/.mount_dbt5lEpJOj/opt/egen/flat_in

Brokerage House address: localhost
Brokerage House port: 30000

Configured customer count: 5000
Active customer count: 5000
Days of initial trades: 300
Scale Factor: 500

User Threads: 15
Sleep between creating users: 4000

Test duration (sec): 3600
Pacing Delay (msec): 0

Unique ID (seed): 0
initializing data maintenance...

Running Trade-Cleanup transaction before starting the test...
Trade-Cleanup transaction completed.

Test is starting at 17:42:06.428
Estimated duration of ramp-up: 60 seconds
Estimated end time 18:43:06.428
>> Start of ramp-up.
>> Data-Maintenance thread started.
>> End of ramp-up.
User thread # 2153976 terminated.
User thread # 2148633 terminated.
User thread # 2148823 terminated.
User thread # 2150545 terminated.
User thread # 2149067 terminated.
User thread # 2151047 terminated.
User thread # 2153307 terminated.
User thread # 2149710 terminated.
User thread # 2152101 terminated.
User thread # 2148541 terminated.
User thread # 2150125 terminated.
User thread # 2148503 terminated.
User thread # 2149392 terminated.
User thread # 2152654 terminated.
User thread # 2151535 terminated.
Data-Maintenance thread stopped.
