1788889326,11,0,6.097,2148337
1788889326,10,0,0.005,2148337
1788889386,10,0,0.004,2148337
1788889446,10,0,0.002,2148337
1788889506,10,0,0.004,2148337
1788889566,10,0,0.013,2148337
1788889626,10,0,0.009,2148337
1788889686,10,0,0.005,2148337
1788889746,10,0,0.003,2148337
1788889806,10,0,0.005,2148337
1788889866,10,0,0.007,2148337
1788889926,10,0,0.002,2148337
1788889986,10,0,0.01,2148337
1788890046,10,0,0.009,2148337
1788890106,10,0,0.002,2148337
1788890166,10,0,0.002,2148337
1788890226,10,0,0.004,2148337
1788890286,10,0,0.004,2148337
1788890346,10,0,0.007,2148337
1788890406,10,0,0.001,2148337
1788890466,10,0,0.003,2148337
1788890526,10,0,0.006,2148337
1788890586,10,0,0.002,2148337
1788890646,10,0,0.004,2148337
1788890706,10,0,0.004,2148337
1788890766,10,0,0.002,2148337
1788890826,10,0,0.003,2148337
1788890886,10,0,0.007,2148337
1788890946,10,0,0.001,2148337
1788891006,10,0,0.004,2148337
1788891066,10,0,0.01,2148337
1788891126,10,0,0.002,2148337
1788891186,10,0,0.002,2148337
1788891246,10,0,0.004,2148337
1788891306,10,0,0.007,2148337
1788891366,10,0,0.006,2148337
1788891426,10,0,0.005,2148337
1788891486,10,0,0.002,2148337
1788891546,10,0,0.009,2148337
1788891606,10,0,0.003,2148337
1788891666,10,0,0.005,2148337
1788891726,10,0,0.007,2148337
1788891786,10,0,0.011,2148337
1788891846,10,0,0.002,2148337
1788891906,10,0,0.002,2148337
1788891966,10,0,0.004,2148337
1788892026,10,0,0.005,2148337
1788892086,10,0,0.002,2148337
1788892146,10,0,0.007,2148337
1788892206,10,0,0.006,2148337
1788892266,10,0,0.003,2148337
1788892326,10,0,0.002,2148337
1788892386,10,0,0.002,2148337
1788892446,10,0,0.006,2148337
1788892506,10,0,0.01,2148337
1788892566,10,0,0.006,2148337
1788892626,10,0,0.002,2148337
1788892686,10,0,0.007,2148337
1788892746,10,0,0.002,2148337
1788892806,10,0,0.003,2148337
1788892866,10,0,0.005,2148337
1788892926,10,0,0.002,2148337
1788892986,10,0,0.003,2148337
1788892986,STOP,,,2148337
