1788953431,11,0,5.925,2617598
1788953431,10,0,0.005,2617598
1788953491,10,0,0.019,2617598
1788953551,10,0,0.011,2617598
1788953611,10,0,0.004,2617598
1788953671,10,0,0.007,2617598
1788953731,10,0,0.009,2617598
1788953791,10,0,0.007,2617598
1788953851,10,0,0.006,2617598
1788953911,10,0,0.012,2617598
1788953971,10,0,0.009,2617598
1788954031,10,0,0.007,2617598
1788954091,10,0,0.016,2617598
1788954151,10,0,0.013,2617598
1788954211,10,0,0.005,2617598
1788954271,10,0,0.005,2617598
1788954331,10,0,0.005,2617598
1788954391,10,0,0.014,2617598
1788954452,10,0,0.007,2617598
1788954511,10,0,0.011,2617598
1788954571,10,0,0.006,2617598
1788954631,10,0,0.003,2617598
1788954691,10,0,0.002,2617598
1788954751,10,0,0.002,2617598
1788954811,10,0,0.009,2617598
1788954871,10,0,0.002,2617598
1788954931,10,0,0.016,2617598
1788954991,10,0,0.006,2617598
1788955051,10,0,0.002,2617598
1788955111,10,0,0.003,2617598
1788955171,10,0,0.009,2617598
1788955231,10,0,0.003,2617598
1788955291,10,0,0.007,2617598
1788955351,10,0,0.005,2617598
1788955411,10,0,0.003,2617598
1788955471,10,0,0.002,2617598
1788955531,10,0,0.015,2617598
1788955591,10,0,0.008,2617598
1788955651,10,0,0.005,2617598
1788955711,10,0,0.002,2617598
1788955771,10,0,0.002,2617598
1788955831,10,0,0.006,2617598
1788955891,10,0,0.014,2617598
1788955951,10,0,0.004,2617598
1788956011,10,0,0.007,2617598
1788956071,10,0,0.003,2617598
1788956131,10,0,0.003,2617598
1788956191,10,0,0.002,2617598
1788956251,10,0,0.012,2617598
1788956311,10,0,0.013,2617598
1788956371,10,0,0.002,2617598
1788956431,10,0,0.012,2617598
1788956491,10,0,0.003,2617598
1788956551,10,0,0.005,2617598
1788956611,10,0,0.009,2617598
1788956671,10,0,0.002,2617598
1788956731,10,0,0.002,2617598
1788956791,10,0,0.004,2617598
1788956851,10,0,0.005,2617598
1788956911,10,0,0.002,2617598
1788956971,10,0,0.01,2617598
1788957031,10,0,0.009,2617598
1788957091,10,0,0.004,2617598
1788957091,STOP,,,2617598
