1788885557,11,0,5.02,1377771
1788885557,10,0,0.004,1377771
1788885617,10,0,0.003,1377771
1788885677,10,0,0.006,1377771
1788885737,10,0,0.007,1377771
1788885797,10,0,0.004,1377771
1788885857,10,0,0.009,1377771
1788885917,10,0,0.002,1377771
1788885977,10,0,0.008,1377771
1788886037,10,0,0.003,1377771
1788886097,10,0,0.002,1377771
1788886157,10,0,0.002,1377771
1788886217,10,0,0.01,1377771
1788886277,10,0,0.001,1377771
1788886337,10,0,0.004,1377771
1788886397,10,0,0.004,1377771
1788886457,10,0,0.004,1377771
1788886517,10,0,0.004,1377771
1788886577,10,0,0.008,1377771
1788886637,10,0,0.003,1377771
1788886697,10,0,0.004,1377771
1788886757,10,0,0.003,1377771
1788886817,10,0,0.001,1377771
1788886877,10,0,0.005,1377771
1788886937,10,0,0.005,1377771
1788886997,10,0,0.002,1377771
1788887057,10,0,0.004,1377771
1788887117,10,0,0.003,1377771
1788887177,10,0,0.004,1377771
1788887237,10,0,0.003,1377771
1788887297,10,0,0.009,1377771
1788887357,10,0,0.001,1377771
1788887417,10,0,0.003,1377771
1788887477,10,0,0.003,1377771
1788887537,10,0,0.009,1377771
1788887597,10,0,0.006,1377771
1788887657,10,0,0.009,1377771
1788887717,10,0,0.004,1377771
1788887777,10,0,0.003,1377771
1788887837,10,0,0.002,1377771
1788887897,10,0,0.002,1377771
1788887957,10,0,0.004,1377771
1788888017,10,0,0.009,1377771
1788888077,10,0,0.004,1377771
1788888137,10,0,0.006,1377771
1788888197,10,0,0.002,1377771
1788888257,10,0,0.003,1377771
1788888317,10,0,0.003,1377771
1788888377,10,0,0.003,1377771
1788888437,10,0,0.002,1377771
1788888497,10,0,0.004,1377771
1788888557,10,0,0.003,1377771
1788888617,10,0,0.004,1377771
1788888677,10,0,0.003,1377771
1788888737,10,0,0.009,1377771
1788888797,10,0,0.007,1377771
1788888857,10,0,0.003,1377771
1788888917,10,0,0.005,1377771
1788888977,10,0,0.002,1377771
1788889037,10,0,0.003,1377771
1788889097,10,0,0.008,1377771
1788889157,10,0,0.003,1377771
1788889217,10,0,0.002,1377771
1788889217,STOP,,,1377771
