1789237332,11,0,4.073,3189364
1789237332,10,0,0.012,3189364
1789237392,10,0,0.008,3189364
1789237452,10,0,0.008,3189364
1789237512,10,0,0.009,3189364
1789237572,10,0,0.011,3189364
1789237632,10,0,0.026,3189364
1789237693,10,0,0.008,3189364
1789237752,10,0,0.008,3189364
1789237812,10,0,0.02,3189364
1789237872,10,0,0.004,3189364
1789237932,10,0,0.003,3189364
1789237992,10,0,0.021,3189364
1789238052,10,0,0.008,3189364
1789238112,10,0,0.007,3189364
1789238172,10,0,0.003,3189364
1789238232,10,0,0.005,3189364
1789238292,10,0,0.009,3189364
1789238352,10,0,0.017,3189364
1789238412,10,0,0.006,3189364
1789238472,10,0,0.006,3189364
1789238532,10,0,0.009,3189364
1789238592,10,0,0.005,3189364
1789238652,10,0,0.007,3189364
1789238712,10,0,0.014,3189364
1789238772,10,0,0.009,3189364
1789238832,10,0,0.01,3189364
1789238892,10,0,0.006,3189364
1789238952,10,0,0.003,3189364
1789239012,10,0,0.008,3189364
1789239072,10,0,0.017,3189364
1789239132,10,0,0.003,3189364
1789239192,10,0,0.006,3189364
1789239252,10,0,0.009,3189364
1789239312,10,0,0.007,3189364
1789239372,10,0,0.003,3189364
1789239432,10,0,0.012,3189364
1789239492,10,0,0.004,3189364
1789239552,10,0,0.008,3189364
1789239612,10,0,0.003,3189364
1789239672,10,0,0.003,3189364
1789239732,10,0,0.016,3189364
1789239792,10,0,0.017,3189364
1789239852,10,0,0.004,3189364
1789239912,10,0,0.005,3189364
1789239972,10,0,0.007,3189364
1789240032,10,0,0.005,3189364
1789240092,10,0,0.005,3189364
1789240152,10,0,0.015,3189364
1789240212,10,0,0.004,3189364
1789240272,10,0,0.005,3189364
1789240332,10,0,0.002,3189364
1789240392,10,0,0.011,3189364
1789240452,10,0,0.007,3189364
1789240512,10,0,0.018,3189364
1789240572,10,0,0.006,3189364
1789240632,10,0,0.008,3189364
1789240692,10,0,0.007,3189364
1789240752,10,0,0.003,3189364
1789240812,10,0,0.005,3189364
1789240872,10,0,0.014,3189364
1789240932,10,0,0.006,3189364
1789240992,10,0,0.004,3189364
1789240992,STOP,,,3189364
