1789206418,11,0,3.164,1662069
1789206418,10,0,0.013,1662069
1789206478,10,0,0.009,1662069
1789206538,10,0,0.006,1662069
1789206598,10,0,0.01,1662069
1789206658,10,0,0.014,1662069
1789206718,10,0,0.018,1662069
1789206778,10,0,0.008,1662069
1789206838,10,0,0.007,1662069
1789206898,10,0,0.023,1662069
1789206958,10,0,0.006,1662069
1789207018,10,0,0.005,1662069
1789207078,10,0,0.015,1662069
1789207138,10,0,0.006,1662069
1789207198,10,0,0.003,1662069
1789207258,10,0,0.003,1662069
1789207318,10,0,0.004,1662069
1789207378,10,0,0.01,1662069
1789207438,10,0,0.015,1662069
1789207498,10,0,0.007,1662069
1789207558,10,0,0.003,1662069
1789207618,10,0,0.005,1662069
1789207678,10,0,0.008,1662069
1789207738,10,0,0.003,1662069
1789207798,10,0,0.013,1662069
1789207858,10,0,0.005,1662069
1789207918,10,0,0.004,1662069
1789207978,10,0,0.006,1662069
1789208038,10,0,0.006,1662069
1789208098,10,0,0.006,1662069
1789208158,10,0,0.015,1662069
1789208218,10,0,0.002,1662069
1789208278,10,0,0.005,1662069
1789208338,10,0,0.008,1662069
1789208398,10,0,0.004,1662069
1789208458,10,0,0.003,1662069
1789208518,10,0,0.012,1662069
1789208578,10,0,0.003,1662069
1789208638,10,0,0.007,1662069
1789208698,10,0,0.003,1662069
1789208758,10,0,0.003,1662069
1789208818,10,0,0.006,1662069
1789208878,10,0,0.019,1662069
1789208938,10,0,0.003,1662069
1789208998,10,0,0.004,1662069
1789209058,10,0,0.007,1662069
1789209118,10,0,0.003,1662069
1789209178,10,0,0.005,1662069
1789209238,10,0,0.007,1662069
1789209298,10,0,0.009,1662069
1789209358,10,0,0.003,1662069
1789209419,10,0,0.005,1662069
1789209478,10,0,0.003,1662069
1789209538,10,0,0.006,1662069
1789209598,10,0,0.013,1662069
1789209658,10,0,0.003,1662069
1789209718,10,0,0.004,1662069
1789209778,10,0,0.005,1662069
1789209838,10,0,0.004,1662069
1789209898,10,0,0.003,1662069
1789209958,10,0,0.018,1662069
1789210018,10,0,0.006,1662069
1789210078,10,0,0.005,1662069
1789210078,STOP,,,1662069
