1789030963,11,0,4.032,1731073
1789030963,10,0,0.012,1731073
1789031023,10,0,0.008,1731073
1789031083,10,0,0.014,1731073
1789031143,10,0,0.024,1731073
1789031203,10,0,0.02,1731073
1789031263,10,0,0.025,1731073
1789031323,10,0,0.008,1731073
1789031383,10,0,0.009,1731073
1789031443,10,0,0.027,1731073
1789031503,10,0,0.011,1731073
1789031563,10,0,0.008,1731073
1789031623,10,0,0.015,1731073
1789031683,10,0,0.01,1731073
1789031743,10,0,0.004,1731073
1789031803,10,0,0.003,1731073
1789031863,10,0,0.007,1731073
1789031924,10,0,0.228,1731073
1789031983,10,0,0.013,1731073
1789032043,10,0,0.002,1731073
1789032103,10,0,0.009,1731073
1789032163,10,0,0.004,1731073
1789032223,10,0,0.003,1731073
1789032283,10,0,0.002,1731073
1789032343,10,0,0.008,1731073
1789032403,10,0,0.006,1731073
1789032463,10,0,0.02,1731073
1789032523,10,0,0.008,1731073
1789032583,10,0,0.002,1731073
1789032643,10,0,0.007,1731073
1789032703,10,0,0.025,1731073
1789032763,10,0,0.005,1731073
1789032823,10,0,0.006,1731073
1789032883,10,0,0.007,1731073
1789032943,10,0,0.018,1731073
1789033003,10,0,0.004,1731073
1789033063,10,0,0.009,1731073
1789033123,10,0,0.005,1731073
1789033183,10,0,0.017,1731073
1789033243,10,0,0.002,1731073
1789033303,10,0,0.009,1731073
1789033363,10,0,0.009,1731073
1789033423,10,0,0.016,1731073
1789033483,10,0,0.007,1731073
1789033543,10,0,0.006,1731073
1789033603,10,0,0.006,1731073
1789033663,10,0,0.007,1731073
1789033723,10,0,0.003,1731073
1789033783,10,0,0.007,1731073
1789033843,10,0,0.01,1731073
1789033903,10,0,0.013,1731073
1789033963,10,0,0.003,1731073
1789034023,10,0,0.003,1731073
1789034083,10,0,0.011,1731073
1789034143,10,0,0.019,1731073
1789034203,10,0,0.012,1731073
1789034263,10,0,0.007,1731073
1789034323,10,0,0.01,1731073
1789034383,10,0,0.001,1731073
1789034443,10,0,0.007,1731073
1789034503,10,0,0.013,1731073
1789034563,10,0,0.008,1731073
1789034623,10,0,0.003,1731073
1789034623,STOP,,,1731073
