1789010800,11,0,3.254,329369
1789010800,10,0,0.011,329369
1789010860,10,0,0.008,329369
1789010920,10,0,0.006,329369
1789010980,10,0,0.005,329369
1789011040,10,0,0.009,329369
1789011100,10,0,0.024,329369
1789011160,10,0,0.007,329369
1789011220,10,0,0.01,329369
1789011280,10,0,0.014,329369
1789011340,10,0,0.007,329369
1789011400,10,0,0.004,329369
1789011460,10,0,0.015,329369
1789011520,10,0,0.005,329369
1789011580,10,0,0.01,329369
1789011640,10,0,0.002,329369
1789011700,10,0,0.004,329369
1789011760,10,0,0.005,329369
1789011820,10,0,0.018,329369
1789011880,10,0,0.002,329369
1789011940,10,0,0.003,329369
1789012000,10,0,0.007,329369
1789012060,10,0,0.006,329369
1789012120,10,0,0.003,329369
1789012180,10,0,0.009,329369
1789012240,10,0,0.003,329369
1789012300,10,0,0.005,329369
1789012360,10,0,0.003,329369
1789012420,10,0,0.005,329369
1789012480,10,0,0.008,329369
1789012540,10,0,0.019,329369
1789012600,10,0,0.002,329369
1789012660,10,0,0.005,329369
1789012720,10,0,0.006,329369
1789012780,10,0,0.006,329369
1789012840,10,0,0.005,329369
1789012900,10,0,0.013,329369
1789012960,10,0,0.004,329369
1789013020,10,0,0.01,329369
1789013080,10,0,0.005,329369
1789013140,10,0,0.003,329369
1789013200,10,0,0.007,329369
1789013260,10,0,0.019,329369
1789013320,10,0,0.003,329369
1789013380,10,0,0.005,329369
1789013440,10,0,0.009,329369
1789013500,10,0,0.009,329369
1789013561,10,0,0.006,329369
1789013620,10,0,0.007,329369
1789013680,10,0,0.008,329369
1789013740,10,0,0.004,329369
1789013800,10,0,0.002,329369
1789013860,10,0,0.004,329369
1789013920,10,0,0.01,329369
1789013980,10,0,0.025,329369
1789014040,10,0,0.003,329369
1789014100,10,0,0.005,329369
1789014160,10,0,0.007,329369
1789014220,10,0,0.003,329369
1789014280,10,0,0.002,329369
1789014340,10,0,0.009,329369
1789014400,10,0,0.005,329369
1789014460,10,0,0.005,329369
1789014460,STOP,,,329369
