1789229839,11,0,4.298,2670924
1789229839,10,0,0.012,2670924
1789229899,10,0,0.008,2670924
1789229959,10,0,0.014,2670924
1789230019,10,0,0.005,2670924
1789230079,10,0,0.011,2670924
1789230140,10,0,0.027,2670924
1789230199,10,0,0.014,2670924
1789230259,10,0,0.007,2670924
1789230319,10,0,0.011,2670924
1789230379,10,0,0.008,2670924
1789230439,10,0,0.004,2670924
1789230499,10,0,0.026,2670924
1789230559,10,0,0.007,2670924
1789230619,10,0,0.006,2670924
1789230679,10,0,0.361,2670924
1789230739,10,0,0.005,2670924
1789230799,10,0,0.007,2670924
1789230859,10,0,0.022,2670924
1789230919,10,0,0.005,2670924
1789230979,10,0,0.005,2670924
1789231039,10,0,0.008,2670924
1789231099,10,0,0.003,2670924
1789231159,10,0,0.005,2670924
1789231219,10,0,0.014,2670924
1789231279,10,0,0.006,2670924
1789231339,10,0,0.008,2670924
1789231399,10,0,0.002,2670924
1789231459,10,0,0.004,2670924
1789231519,10,0,0.01,2670924
1789231579,10,0,0.019,2670924
1789231639,10,0,0.004,2670924
1789231699,10,0,0.003,2670924
1789231759,10,0,0.009,2670924
1789231819,10,0,0.002,2670924
1789231879,10,0,0.003,2670924
1789231939,10,0,0.009,2670924
1789231999,10,0,0.01,2670924
1789232059,10,0,0.007,2670924
1789232119,10,0,0.003,2670924
1789232179,10,0,0.007,2670924
1789232239,10,0,0.009,2670924
1789232299,10,0,0.016,2670924
1789232359,10,0,0.003,2670924
1789232419,10,0,0.008,2670924
1789232479,10,0,0.011,2670924
1789232539,10,0,0.002,2670924
1789232599,10,0,0.007,2670924
1789232659,10,0,0.012,2670924
1789232719,10,0,0.008,2670924
1789232779,10,0,0.008,2670924
1789232839,10,0,0.002,2670924
1789232899,10,0,0.003,2670924
1789232959,10,0,0.008,2670924
1789233019,10,0,0.028,2670924
1789233079,10,0,0.002,2670924
1789233139,10,0,0.005,2670924
1789233199,10,0,0.008,2670924
1789233259,10,0,0.004,2670924
1789233319,10,0,0.007,2670924
1789233379,10,0,0.01,2670924
1789233439,10,0,0.011,2670924
1789233499,10,0,0.005,2670924
1789233499,STOP,,,2670924
