1789244955,11,0,4.954,3721381
1789244955,10,0,0.012,3721381
1789245016,10,0,0.008,3721381
1789245075,10,0,0.006,3721381
1789245135,10,0,0.004,3721381
1789245195,10,0,0.012,3721381
1789245255,10,0,0.027,3721381
1789245315,10,0,0.007,3721381
1789245375,10,0,0.011,3721381
1789245435,10,0,0.014,3721381
1789245495,10,0,0.006,3721381
1789245555,10,0,0.015,3721381
1789245615,10,0,0.016,3721381
1789245675,10,0,0.005,3721381
1789245735,10,0,0.007,3721381
1789245795,10,0,0.006,3721381
1789245855,10,0,0.003,3721381
1789245915,10,0,0.008,3721381
1789245975,10,0,0.014,3721381
1789246035,10,0,0.005,3721381
1789246095,10,0,0.006,3721381
1789246155,10,0,0.006,3721381
1789246215,10,0,0.004,3721381
1789246275,10,0,0.003,3721381
1789246335,10,0,0.013,3721381
1789246395,10,0,0.004,3721381
1789246455,10,0,0.003,3721381
1789246515,10,0,0.006,3721381
1789246575,10,0,0.003,3721381
1789246635,10,0,0.011,3721381
1789246695,10,0,0.014,3721381
1789246755,10,0,0.004,3721381
1789246815,10,0,0.004,3721381
1789246875,10,0,0.008,3721381
1789246935,10,0,0.004,3721381
1789246995,10,0,0.004,3721381
1789247055,10,0,0.009,3721381
1789247115,10,0,0.069,3721381
1789247175,10,0,0.006,3721381
1789247235,10,0,0.004,3721381
1789247295,10,0,0.004,3721381
1789247355,10,0,0.01,3721381
1789247415,10,0,0.014,3721381
1789247475,10,0,0.003,3721381
1789247535,10,0,0.006,3721381
1789247595,10,0,0.009,3721381
1789247655,10,0,0.003,3721381
1789247715,10,0,0.007,3721381
1789247775,10,0,0.012,3721381
1789247835,10,0,0.003,3721381
1789247895,10,0,0.009,3721381
1789247955,10,0,0.003,3721381
1789248015,10,0,0.005,3721381
1789248075,10,0,0.01,3721381
1789248135,10,0,0.019,3721381
1789248195,10,0,0.003,3721381
1789248255,10,0,0.007,3721381
1789248315,10,0,0.008,3721381
1789248375,10,0,0.004,3721381
1789248435,10,0,0.002,3721381
1789248495,10,0,0.01,3721381
1789248555,10,0,0.005,3721381
1789248615,10,0,0.004,3721381
1789248615,STOP,,,3721381
