1789233582,11,0,4.363,2925458
1789233582,10,0,0.012,2925458
1789233642,10,0,0.011,2925458
1789233702,10,0,0.004,2925458
1789233762,10,0,0.008,2925458
1789233822,10,0,0.016,2925458
1789233882,10,0,0.02,2925458
1789233942,10,0,0.004,2925458
1789234002,10,0,0.009,2925458
1789234062,10,0,0.011,2925458
1789234122,10,0,0.009,2925458
1789234182,10,0,0.004,2925458
1789234242,10,0,0.018,2925458
1789234303,10,0,0.006,2925458
1789234362,10,0,0.01,2925458
1789234422,10,0,0.003,2925458
1789234482,10,0,0.004,2925458
1789234542,10,0,0.012,2925458
1789234602,10,0,0.016,2925458
1789234662,10,0,0.004,2925458
1789234722,10,0,0.007,2925458
1789234782,10,0,0.006,2925458
1789234842,10,0,0.005,2925458
1789234902,10,0,0.003,2925458
1789234962,10,0,0.012,2925458
1789235022,10,0,0.008,2925458
1789235082,10,0,0.003,2925458
1789235142,10,0,0.003,2925458
1789235202,10,0,0.002,2925458
1789235262,10,0,0.006,2925458
1789235322,10,0,0.012,2925458
1789235382,10,0,0.002,2925458
1789235442,10,0,0.003,2925458
1789235502,10,0,0.009,2925458
1789235562,10,0,0.005,2925458
1789235622,10,0,0.003,2925458
1789235682,10,0,0.007,2925458
1789235742,10,0,0.007,2925458
1789235802,10,0,0.006,2925458
1789235862,10,0,0.003,2925458
1789235922,10,0,0.003,2925458
1789235982,10,0,0.006,2925458
1789236042,10,0,0.015,2925458
1789236102,10,0,0.004,2925458
1789236162,10,0,0.007,2925458
1789236222,10,0,0.01,2925458
1789236282,10,0,0.004,2925458
1789236342,10,0,0.003,2925458
1789236402,10,0,0.009,2925458
1789236462,10,0,0.007,2925458
1789236522,10,0,0.008,2925458
1789236582,10,0,0.004,2925458
1789236642,10,0,0.007,2925458
1789236702,10,0,0.008,2925458
1789236762,10,0,0.018,2925458
1789236822,10,0,0.001,2925458
1789236882,10,0,0.005,2925458
1789236942,10,0,0.007,2925458
1789237002,10,0,0.002,2925458
1789237062,10,0,0.003,2925458
1789237122,10,0,0.007,2925458
1789237182,10,0,0.005,2925458
1789237242,10,0,0.004,2925458
1789237242,STOP,,,2925458
