1789003302,11,0,2.961,3979570
1789003302,10,0,0.012,3979570
1789003362,10,0,0.01,3979570
1789003422,10,0,0.009,3979570
1789003482,10,0,0.006,3979570
1789003542,10,0,0.01,3979570
1789003602,10,0,0.017,3979570
1789003662,10,0,0.011,3979570
1789003722,10,0,0.008,3979570
1789003782,10,0,0.017,3979570
1789003842,10,0,0.007,3979570
1789003902,10,0,0.005,3979570
1789003962,10,0,0.023,3979570
1789004022,10,0,0.009,3979570
1789004082,10,0,0.006,3979570
1789004142,10,0,0.004,3979570
1789004202,10,0,0.004,3979570
1789004262,10,0,0.007,3979570
1789004322,10,0,0.013,3979570
1789004382,10,0,0.003,3979570
1789004442,10,0,0.003,3979570
1789004502,10,0,0.007,3979570
1789004562,10,0,0.003,3979570
1789004622,10,0,0.003,3979570
1789004682,10,0,0.013,3979570
1789004742,10,0,0.007,3979570
1789004802,10,0,0.006,3979570
1789004862,10,0,0.003,3979570
1789004922,10,0,0.004,3979570
1789004982,10,0,0.011,3979570
1789005042,10,0,0.013,3979570
1789005102,10,0,0.007,3979570
1789005162,10,0,0.007,3979570
1789005222,10,0,0.008,3979570
1789005282,10,0,0.002,3979570
1789005342,10,0,0.005,3979570
1789005402,10,0,0.01,3979570
1789005463,10,0,0.005,3979570
1789005523,10,0,0.008,3979570
1789005583,10,0,0.003,3979570
1789005643,10,0,0.006,3979570
1789005703,10,0,0.006,3979570
1789005763,10,0,0.013,3979570
1789005823,10,0,0.002,3979570
1789005883,10,0,0.003,3979570
1789005943,10,0,0.009,3979570
1789006003,10,0,0.004,3979570
1789006063,10,0,0.007,3979570
1789006123,10,0,0.011,3979570
1789006183,10,0,0.006,3979570
1789006243,10,0,0.003,3979570
1789006303,10,0,0.003,3979570
1789006363,10,0,0.004,3979570
1789006423,10,0,0.011,3979570
1789006483,10,0,0.015,3979570
1789006543,10,0,0.003,3979570
1789006603,10,0,0.007,3979570
1789006663,10,0,0.011,3979570
1789006723,10,0,0.006,3979570
1789006783,10,0,0.004,3979570
1789006843,10,0,0.011,3979570
1789006903,10,0,0.032,3979570
1789006963,10,0,0.004,3979570
1789006963,STOP,,,3979570
