1788904409,11,0,5.29,1077339
1788904409,10,0,0.005,1077339
1788904469,10,0,0.024,1077339
1788904529,10,0,0.003,1077339
1788904589,10,0,0.002,1077339
1788904649,10,0,0.005,1077339
1788904709,10,0,0.009,1077339
1788904769,10,0,0.006,1077339
1788904829,10,0,0.004,1077339
1788904889,10,0,0.013,1077339
1788904949,10,0,0.002,1077339
1788905009,10,0,0.007,1077339
1788905069,10,0,0.005,1077339
1788905129,10,0,0.002,1077339
1788905189,10,0,0.003,1077339
1788905249,10,0,0.002,1077339
1788905309,10,0,0.004,1077339
1788905369,10,0,0.005,1077339
1788905429,10,0,0.01,1077339
1788905489,10,0,0.002,1077339
1788905549,10,0,0.004,1077339
1788905609,10,0,0.005,1077339
1788905669,10,0,0.008,1077339
1788905729,10,0,0.003,1077339
1788905789,10,0,0.007,1077339
1788905849,10,0,0.001,1077339
1788905909,10,0,0.002,1077339
1788905969,10,0,0.003,1077339
1788906029,10,0,0.006,1077339
1788906089,10,0,0.004,1077339
1788906149,10,0,0.012,1077339
1788906209,10,0,0.003,1077339
1788906269,10,0,0.002,1077339
1788906329,10,0,0.005,1077339
1788906389,10,0,0.003,1077339
1788906449,10,0,0.002,1077339
1788906509,10,0,0.006,1077339
1788906569,10,0,0.01,1077339
1788906629,10,0,0.004,1077339
1788906689,10,0,0.004,1077339
1788906749,10,0,0.002,1077339
1788906809,10,0,0.004,1077339
1788906869,10,0,0.008,1077339
1788906929,10,0,0.002,1077339
1788906989,10,0,0.003,1077339
1788907049,10,0,0.008,1077339
1788907109,10,0,0.002,1077339
1788907169,10,0,0.002,1077339
1788907229,10,0,0.008,1077339
1788907289,10,0,0.003,1077339
1788907349,10,0,0.002,1077339
1788907409,10,0,0.008,1077339
1788907469,10,0,0.004,1077339
1788907529,10,0,0.008,1077339
1788907589,10,0,0.013,1077339
1788907649,10,0,0.002,1077339
1788907709,10,0,0.003,1077339
1788907769,10,0,0.006,1077339
1788907829,10,0,0.002,1077339
1788907889,10,0,0.002,1077339
1788907949,10,0,0.007,1077339
1788908009,10,0,0.005,1077339
1788908069,10,0,0.002,1077339
1788908069,STOP,,,1077339
