EGenLoader (EGen v1.14.0) 0 2026-09-12 02:49:43.957 CE object constructed using constructor 1 (valid for publication: YES).
EGenLoader (EGen v1.14.0) 0 2026-09-12 02:49:43.957 Driver Global Settings:
Parameter                               Default	Current	Default?
Configured Customers:                   5000	35000
Active Customers:                       5000	35000
Scale Factor:                           500	500	YES
Days of Initial Trades:                 300	300	YES

EGenLoader (EGen v1.14.0) 0 2026-09-12 02:49:43.957 Transaction Mixes:
Parameter                               Default	Current	Default?
Broker Volume:                          49	49	YES
Customer Position:                      130	130	YES
Market Watch:                           180	180	YES
Security Detail:                        140	140	YES
Trade Lookup:                           80	80	YES
Trade Order:                            101	101	YES
Trade Status:                           190	190	YES
Trade Update:                           20	20	YES

EGenLoader (EGen v1.14.0) 0 2026-09-12 02:49:43.957 Broker Volume Parameters:  NONE

EGenLoader (EGen v1.14.0) 0 2026-09-12 02:49:43.957 Customer Position Parameters:
Parameter                               Default	Current	Default?
By Cust ID:                             50	50	YES
By Tax ID:                              50	50	YES
Get History:                            50	50	YES

EGenLoader (EGen v1.14.0) 0 2026-09-12 02:49:43.957 Market Watch Parameters:
Parameter                               Default	Current	Default?
By Account ID:                          35	35	YES
By Industry:                            5	5	YES
By Watch List:                          60	60	YES

EGenLoader (EGen v1.14.0) 0 2026-09-12 02:49:43.957 Security Detail Parameters:
Parameter                               Default	Current	Default?
LOB Access Pct:                         1	1	YES

EGenLoader (EGen v1.14.0) 0 2026-09-12 02:49:43.957 Trade Lookup Parameters:
Parameter                               Default	Current	Default?
Frame 1 Pct:                            30	30	YES
Frame 2 Pct:                            30	30	YES
Frame 3 Pct:                            30	30	YES
Frame 4 Pct:                            10	10	YES
Frame 1 MaxRows:                        20	20	YES
Frame 2 MaxRows:                        20	20	YES
Frame 3 MaxRows:                        20	20	YES
Frame 4 MaxRows:                        20	20	YES
BackOffFromEndTimeFrame2:               115200	115200	YES
BackOffFromEndTimeFrame3:               12000	12000	YES
BackOffFromEndTimeFrame4:               30000	30000	YES

EGenLoader (EGen v1.14.0) 0 2026-09-12 02:49:43.957 Trade Order Parameters:
Parameter                               Default	Current	Default?
Market Trade Pct:                       60	60	YES
Limit Trade Pct:                        40	40	YES
Stop Loss Pct:                          50	50	YES
Security by Name Pct:                   40	40	YES
Security by Symbol Pct:                 60	60	YES
Buy Order Pct:                          50	50	YES
Sell Order Pct:                         50	50	YES
LIFO Pct:                               35	35	YES
Margin Trade Pct:                       8	8	YES
Executor as Owner Pct:                  90	90	YES
Rollback Pct:                           1	1	YES

EGenLoader (EGen v1.14.0) 0 2026-09-12 02:49:43.957 Trade Update Parameters:
Parameter                               Default	Current	Default?
Frame 1 Pct:                            33	33	YES
Frame 2 Pct:                            33	33	YES
Frame 3 Pct:                            34	34	YES
Frame 1 MaxRows:                        20	20	YES
Frame 2 MaxRows:                        20	20	YES
Frame 3 MaxRows:                        20	20	YES
Frame 1 MaxRowsToUpdate:                20	20	YES
Frame 2 MaxRowsToUpdate:                20	20	YES
Frame 3 MaxRowsToUpdate:                20	20	YES
BackOffFromEndTimeFrame2:               115200	115200	YES
BackOffFromEndTimeFrame3:               12000	12000	YES

EGenLoader (EGen v1.14.0) 0 2026-09-12 02:49:43.957 Driver CE Settings:
Parameter                               Value
Unique ID:                              27
Txn Mix RNGSeed:                        1791575951746793499
Txn Input RNGSeed:                      1791575956041760795

