1789181327,11,0,4.359,757906
1789181327,10,0,0.014,757906
1789181387,10,0,0.006,757906
1789181447,10,0,0.011,757906
1789181507,10,0,0.02,757906
1789181567,10,0,0.017,757906
1789181627,10,0,0.021,757906
1789181687,10,0,0.006,757906
1789181747,10,0,0.009,757906
1789181807,10,0,0.013,757906
1789181867,10,0,0.01,757906
1789181927,10,0,0.007,757906
1789181987,10,0,0.024,757906
1789182047,10,0,0.008,757906
1789182107,10,0,0.007,757906
1789182167,10,0,0.003,757906
1789182227,10,0,0.004,757906
1789182288,10,0,0.014,757906
1789182347,10,0,0.026,757906
1789182407,10,0,0.002,757906
1789182467,10,0,0.008,757906
1789182527,10,0,0.014,757906
1789182587,10,0,0.002,757906
1789182647,10,0,0.003,757906
1789182707,10,0,0.012,757906
1789182767,10,0,0.009,757906
1789182827,10,0,0.005,757906
1789182887,10,0,0.008,757906
1789182947,10,0,0.016,757906
1789183007,10,0,0.015,757906
1789183067,10,0,0.02,757906
1789183127,10,0,0.009,757906
1789183187,10,0,0.005,757906
1789183247,10,0,0.016,757906
1789183307,10,0,0.007,757906
1789183367,10,0,0.003,757906
1789183427,10,0,0.009,757906
1789183487,10,0,0.005,757906
1789183547,10,0,0.006,757906
1789183607,10,0,0.006,757906
1789183667,10,0,0.005,757906
1789183727,10,0,0.005,757906
1789183787,10,0,0.014,757906
1789183847,10,0,0.008,757906
1789183907,10,0,0.003,757906
1789183967,10,0,0.008,757906
1789184027,10,0,0.003,757906
1789184087,10,0,0.005,757906
1789184147,10,0,0.01,757906
1789184207,10,0,0.007,757906
1789184267,10,0,0.006,757906
1789184327,10,0,0.005,757906
1789184387,10,0,0.003,757906
1789184447,10,0,0.01,757906
1789184507,10,0,0.019,757906
1789184567,10,0,0.001,757906
1789184627,10,0,0.009,757906
1789184687,10,0,0.008,757906
1789184747,10,0,0.015,757906
1789184807,10,0,0.006,757906
1789184867,10,0,0.012,757906
1789184927,10,0,0.009,757906
1789184987,10,0,0.004,757906
1789184987,STOP,,,757906
