1788942119,11,0,5.065,373130
1788942119,10,0,0.008,373130
1788942179,10,0,0.02,373130
1788942239,10,0,0.002,373130
1788942299,10,0,0.002,373130
1788942359,10,0,0.003,373130
1788942419,10,0,0.009,373130
1788942479,10,0,0.003,373130
1788942539,10,0,0.007,373130
1788942599,10,0,0.008,373130
1788942659,10,0,0.003,373130
1788942719,10,0,0.01,373130
1788942779,10,0,0.003,373130
1788942839,10,0,0.001,373130
1788942899,10,0,0.004,373130
1788942959,10,0,0.002,373130
1788943019,10,0,0.002,373130
1788943079,10,0,0.003,373130
1788943139,10,0,0.009,373130
1788943199,10,0,0.011,373130
1788943259,10,0,0.003,373130
1788943319,10,0,0.003,373130
1788943379,10,0,0.003,373130
1788943439,10,0,0.016,373130
1788943499,10,0,0.008,373130
1788943559,10,0,0.002,373130
1788943619,10,0,0.004,373130
1788943679,10,0,0.006,373130
1788943739,10,0,0.003,373130
1788943799,10,0,0.002,373130
1788943859,10,0,0.014,373130
1788943919,10,0,0.008,373130
1788943979,10,0,0.003,373130
1788944039,10,0,0.003,373130
1788944099,10,0,0.004,373130
1788944159,10,0,0.004,373130
1788944219,10,0,0.008,373130
1788944279,10,0,0.002,373130
1788944339,10,0,0.005,373130
1788944399,10,0,0.002,373130
1788944459,10,0,0.005,373130
1788944519,10,0,0.004,373130
1788944580,10,0,0.016,373130
1788944639,10,0,0.002,373130
1788944699,10,0,0.012,373130
1788944759,10,0,0.004,373130
1788944819,10,0,0.008,373130
1788944879,10,0,0.002,373130
1788944939,10,0,0.009,373130
1788944999,10,0,0.014,373130
1788945059,10,0,0.003,373130
1788945119,10,0,0.003,373130
1788945179,10,0,0.002,373130
1788945239,10,0,0.004,373130
1788945299,10,0,0.014,373130
1788945359,10,0,0.002,373130
1788945419,10,0,0.002,373130
1788945479,10,0,0.004,373130
1788945539,10,0,0.002,373130
1788945599,10,0,0.003,373130
1788945659,10,0,0.01,373130
1788945719,10,0,0.003,373130
1788945779,10,0,0.003,373130
1788945779,STOP,,,373130
