1789258808,11,0,4.656,360414
1789258808,10,0,0.007,360414
1789258868,10,0,0.006,360414
1789258928,10,0,0.006,360414
1789258988,10,0,0.006,360414
1789259048,10,0,0.011,360414
1789259108,10,0,0.018,360414
1789259168,10,0,0.004,360414
1789259228,10,0,0.01,360414
1789259288,10,0,0.02,360414
1789259348,10,0,0.005,360414
1789259408,10,0,0.003,360414
1789259468,10,0,0.01,360414
1789259528,10,0,0.005,360414
1789259588,10,0,0.005,360414
1789259648,10,0,0.005,360414
1789259708,10,0,0.003,360414
1789259768,10,0,0.006,360414
1789259828,10,0,0.012,360414
1789259888,10,0,0.002,360414
1789259948,10,0,0.004,360414
1789260008,10,0,0.007,360414
1789260068,10,0,0.003,360414
1789260128,10,0,0.003,360414
1789260188,10,0,0.008,360414
1789260248,10,0,0.006,360414
1789260308,10,0,0.007,360414
1789260368,10,0,0.002,360414
1789260428,10,0,0.003,360414
1789260488,10,0,0.006,360414
1789260548,10,0,0.01,360414
1789260608,10,0,0.003,360414
1789260668,10,0,0.005,360414
1789260728,10,0,0.005,360414
1789260788,10,0,0.003,360414
1789260848,10,0,0.005,360414
1789260908,10,0,0.006,360414
1789260968,10,0,0.005,360414
1789261028,10,0,0.011,360414
1789261088,10,0,0.003,360414
1789261148,10,0,0.003,360414
1789261208,10,0,0.008,360414
1789261268,10,0,0.014,360414
1789261328,10,0,0.001,360414
1789261388,10,0,0.004,360414
1789261448,10,0,0.005,360414
1789261508,10,0,0.005,360414
1789261568,10,0,0.005,360414
1789261628,10,0,0.008,360414
1789261688,10,0,0.003,360414
1789261748,10,0,0.008,360414
1789261808,10,0,0.004,360414
1789261868,10,0,0.003,360414
1789261928,10,0,0.009,360414
1789261988,10,0,0.013,360414
1789262048,10,0,0.002,360414
1789262108,10,0,0.004,360414
1789262168,10,0,0.006,360414
1789262228,10,0,0.003,360414
1789262288,10,0,0.003,360414
1789262348,10,0,0.016,360414
1789262408,10,0,0.011,360414
1789262468,10,0,0.004,360414
1789262468,STOP,,,360414
