1789189559,11,0,3.721,1174551
1789189559,10,0,0.016,1174551
1789189619,10,0,0.005,1174551
1789189679,10,0,0.007,1174551
1789189739,10,0,0.011,1174551
1789189799,10,0,0.016,1174551
1789189859,10,0,0.036,1174551
1789189919,10,0,0.008,1174551
1789189979,10,0,0.011,1174551
1789190039,10,0,0.02,1174551
1789190099,10,0,0.006,1174551
1789190159,10,0,0.007,1174551
1789190219,10,0,0.021,1174551
1789190279,10,0,0.006,1174551
1789190339,10,0,0.013,1174551
1789190399,10,0,0.002,1174551
1789190459,10,0,0.003,1174551
1789190519,10,0,0.009,1174551
1789190579,10,0,0.102,1174551
1789190639,10,0,0.003,1174551
1789190699,10,0,0.006,1174551
1789190759,10,0,0.006,1174551
1789190819,10,0,0.003,1174551
1789190879,10,0,0.002,1174551
1789190939,10,0,0.04,1174551
1789190999,10,0,0.008,1174551
1789191059,10,0,0.004,1174551
1789191119,10,0,0.003,1174551
1789191179,10,0,0.004,1174551
1789191239,10,0,0.007,1174551
1789191299,10,0,0.02,1174551
1789191359,10,0,0.003,1174551
1789191419,10,0,0.006,1174551
1789191479,10,0,0.006,1174551
1789191539,10,0,0.005,1174551
1789191599,10,0,0.005,1174551
1789191659,10,0,0.02,1174551
1789191719,10,0,0.008,1174551
1789191779,10,0,0.003,1174551
1789191839,10,0,0.005,1174551
1789191899,10,0,0.004,1174551
1789191959,10,0,0.012,1174551
1789192019,10,0,0.033,1174551
1789192079,10,0,0.004,1174551
1789192139,10,0,0.004,1174551
1789192199,10,0,0.005,1174551
1789192259,10,0,0.005,1174551
1789192319,10,0,0.003,1174551
1789192379,10,0,0.013,1174551
1789192439,10,0,0.007,1174551
1789192499,10,0,0.005,1174551
1789192559,10,0,0.006,1174551
1789192619,10,0,0.005,1174551
1789192679,10,0,0.008,1174551
1789192739,10,0,0.012,1174551
1789192799,10,0,0.005,1174551
1789192859,10,0,0.005,1174551
1789192919,10,0,0.008,1174551
1789192979,10,0,0.002,1174551
1789193040,10,0,0.005,1174551
1789193099,10,0,0.007,1174551
1789193159,10,0,0.006,1174551
1789193219,10,0,0.005,1174551
1789193219,STOP,,,1174551
