1788900638,11,0,5.274,295530
1788900638,10,0,0.003,295530
1788900698,10,0,0.009,295530
1788900758,10,0,0.011,295530
1788900818,10,0,0.003,295530
1788900878,10,0,0.003,295530
1788900938,10,0,0.011,295530
1788900998,10,0,0.003,295530
1788901058,10,0,0.003,295530
1788901118,10,0,0.006,295530
1788901178,10,0,0.007,295530
1788901238,10,0,0.003,295530
1788901298,10,0,0.011,295530
1788901358,10,0,0.001,295530
1788901418,10,0,0.007,295530
1788901478,10,0,0.007,295530
1788901538,10,0,0.005,295530
1788901598,10,0,0.004,295530
1788901658,10,0,0.015,295530
1788901718,10,0,0.002,295530
1788901778,10,0,0.003,295530
1788901838,10,0,0.007,295530
1788901898,10,0,0.002,295530
1788901958,10,0,0.002,295530
1788902018,10,0,0.009,295530
1788902078,10,0,0.004,295530
1788902138,10,0,0.003,295530
1788902198,10,0,0.003,295530
1788902258,10,0,0.008,295530
1788902318,10,0,0.003,295530
1788902378,10,0,0.011,295530
1788902438,10,0,0.006,295530
1788902498,10,0,0.006,295530
1788902558,10,0,0.005,295530
1788902618,10,0,0.002,295530
1788902678,10,0,0.002,295530
1788902738,10,0,0.005,295530
1788902798,10,0,0.007,295530
1788902858,10,0,0.003,295530
1788902918,10,0,0.001,295530
1788902978,10,0,0.003,295530
1788903038,10,0,0.009,295530
1788903098,10,0,0.007,295530
1788903158,10,0,0.004,295530
1788903218,10,0,0.007,295530
1788903278,10,0,0.003,295530
1788903338,10,0,0.002,295530
1788903398,10,0,0.003,295530
1788903458,10,0,0.007,295530
1788903518,10,0,0.009,295530
1788903578,10,0,0.008,295530
1788903638,10,0,0.002,295530
1788903698,10,0,0.01,295530
1788903758,10,0,0.004,295530
1788903818,10,0,0.007,295530
1788903878,10,0,0.004,295530
1788903938,10,0,0.002,295530
1788903998,10,0,0.004,295530
1788904058,10,0,0.004,295530
1788904118,10,0,0.002,295530
1788904178,10,0,0.006,295530
1788904238,10,0,0.002,295530
1788904298,10,0,0.003,295530
1788904298,STOP,,,295530
