1788995802,11,0,3.047,3428468
1788995802,10,0,0.007,3428468
1788995862,10,0,0.013,3428468
1788995922,10,0,0.009,3428468
1788995982,10,0,0.006,3428468
1788996042,10,0,0.013,3428468
1788996102,10,0,0.019,3428468
1788996162,10,0,0.005,3428468
1788996222,10,0,0.011,3428468
1788996282,10,0,0.014,3428468
1788996342,10,0,0.01,3428468
1788996402,10,0,0.007,3428468
1788996462,10,0,0.012,3428468
1788996522,10,0,0.005,3428468
1788996582,10,0,0.007,3428468
1788996642,10,0,0.006,3428468
1788996702,10,0,0.003,3428468
1788996762,10,0,0.008,3428468
1788996822,10,0,0.017,3428468
1788996882,10,0,0.006,3428468
1788996942,10,0,0.009,3428468
1788997002,10,0,0.005,3428468
1788997062,10,0,0.003,3428468
1788997122,10,0,0.005,3428468
1788997182,10,0,0.009,3428468
1788997242,10,0,0.003,3428468
1788997302,10,0,0.007,3428468
1788997362,10,0,0.004,3428468
1788997422,10,0,0.006,3428468
1788997482,10,0,0.008,3428468
1788997542,10,0,0.015,3428468
1788997602,10,0,0.002,3428468
1788997662,10,0,0.008,3428468
1788997722,10,0,0.007,3428468
1788997782,10,0,0.002,3428468
1788997842,10,0,0.003,3428468
1788997902,10,0,0.006,3428468
1788997962,10,0,0.005,3428468
1788998022,10,0,0.009,3428468
1788998082,10,0,0.003,3428468
1788998142,10,0,0.004,3428468
1788998202,10,0,0.009,3428468
1788998262,10,0,0.017,3428468
1788998322,10,0,0.002,3428468
1788998382,10,0,0.003,3428468
1788998442,10,0,0.007,3428468
1788998502,10,0,0.003,3428468
1788998562,10,0,0.004,3428468
1788998622,10,0,0.009,3428468
1788998682,10,0,0.005,3428468
1788998742,10,0,0.013,3428468
1788998802,10,0,0.003,3428468
1788998862,10,0,0.004,3428468
1788998922,10,0,0.01,3428468
1788998982,10,0,0.014,3428468
1788999042,10,0,0.002,3428468
1788999102,10,0,0.003,3428468
1788999162,10,0,0.007,3428468
1788999222,10,0,0.004,3428468
1788999282,10,0,0.011,3428468
1788999342,10,0,0.007,3428468
1788999402,10,0,0.004,3428468
1788999462,10,0,0.004,3428468
1788999462,STOP,,,3428468
