1789018348,11,0,4.703,891744
1789018348,10,0,0.012,891744
1789018408,10,0,0.008,891744
1789018468,10,0,0.007,891744
1789018528,10,0,0.005,891744
1789018588,10,0,0.011,891744
1789018648,10,0,0.026,891744
1789018708,10,0,0.003,891744
1789018768,10,0,0.008,891744
1789018828,10,0,0.014,891744
1789018888,10,0,0.006,891744
1789018948,10,0,0.006,891744
1789019008,10,0,0.025,891744
1789019068,10,0,0.006,891744
1789019128,10,0,0.009,891744
1789019188,10,0,0.002,891744
1789019248,10,0,0.002,891744
1789019308,10,0,0.009,891744
1789019368,10,0,0.011,891744
1789019428,10,0,0.006,891744
1789019488,10,0,0.004,891744
1789019548,10,0,0.017,891744
1789019608,10,0,0.002,891744
1789019668,10,0,0.007,891744
1789019728,10,0,0.012,891744
1789019788,10,0,0.004,891744
1789019848,10,0,0.008,891744
1789019908,10,0,0.003,891744
1789019968,10,0,0.004,891744
1789020028,10,0,0.006,891744
1789020088,10,0,0.013,891744
1789020148,10,0,0.001,891744
1789020208,10,0,0.006,891744
1789020268,10,0,0.011,891744
1789020328,10,0,0.004,891744
1789020388,10,0,0.002,891744
1789020448,10,0,0.016,891744
1789020508,10,0,0.005,891744
1789020568,10,0,0.003,891744
1789020628,10,0,0.003,891744
1789020688,10,0,0.004,891744
1789020748,10,0,0.008,891744
1789020808,10,0,0.017,891744
1789020868,10,0,0.003,891744
1789020928,10,0,0.011,891744
1789020988,10,0,0.005,891744
1789021048,10,0,0.003,891744
1789021108,10,0,0.004,891744
1789021168,10,0,0.012,891744
1789021228,10,0,0.003,891744
1789021288,10,0,0.004,891744
1789021348,10,0,0.006,891744
1789021408,10,0,0.002,891744
1789021468,10,0,0.012,891744
1789021528,10,0,0.018,891744
1789021588,10,0,0.003,891744
1789021648,10,0,0.003,891744
1789021708,10,0,0.006,891744
1789021768,10,0,0.002,891744
1789021828,10,0,0.008,891744
1789021888,10,0,0.012,891744
1789021948,10,0,0.006,891744
1789022008,10,0,0.002,891744
1789022008,STOP,,,891744
