1789014595,11,0,4.302,609559
1789014595,10,0,0.012,609559
1789014655,10,0,0.005,609559
1789014715,10,0,0.004,609559
1789014775,10,0,0.01,609559
1789014835,10,0,0.01,609559
1789014895,10,0,0.019,609559
1789014955,10,0,0.01,609559
1789015015,10,0,0.009,609559
1789015075,10,0,0.019,609559
1789015135,10,0,0.008,609559
1789015195,10,0,0.004,609559
1789015255,10,0,0.02,609559
1789015315,10,0,0.006,609559
1789015375,10,0,0.011,609559
1789015435,10,0,0.002,609559
1789015495,10,0,0.007,609559
1789015555,10,0,0.009,609559
1789015615,10,0,0.021,609559
1789015675,10,0,0.004,609559
1789015735,10,0,0.004,609559
1789015795,10,0,0.01,609559
1789015855,10,0,0.002,609559
1789015915,10,0,0.005,609559
1789015975,10,0,0.012,609559
1789016035,10,0,0.007,609559
1789016095,10,0,0.009,609559
1789016155,10,0,0.007,609559
1789016215,10,0,0.004,609559
1789016275,10,0,0.006,609559
1789016335,10,0,0.018,609559
1789016395,10,0,0.001,609559
1789016455,10,0,0.009,609559
1789016515,10,0,0.007,609559
1789016575,10,0,0.002,609559
1789016635,10,0,0.005,609559
1789016695,10,0,0.012,609559
1789016755,10,0,0.007,609559
1789016815,10,0,0.009,609559
1789016875,10,0,0.009,609559
1789016935,10,0,0.003,609559
1789016995,10,0,0.006,609559
1789017055,10,0,0.014,609559
1789017115,10,0,0.003,609559
1789017175,10,0,0.005,609559
1789017235,10,0,0.008,609559
1789017295,10,0,0.003,609559
1789017355,10,0,0.003,609559
1789017415,10,0,0.012,609559
1789017475,10,0,0.005,609559
1789017536,10,0,0.01,609559
1789017595,10,0,0.004,609559
1789017655,10,0,0.006,609559
1789017715,10,0,0.006,609559
1789017775,10,0,0.017,609559
1789017835,10,0,0.005,609559
1789017895,10,0,0.011,609559
1789017955,10,0,0.006,609559
1789018015,10,0,0.005,609559
1789018075,10,0,0.245,609559
1789018135,10,0,0.007,609559
1789018195,10,0,0.005,609559
1789018255,10,0,0.005,609559
1789018255,STOP,,,609559
