1789170100,11,0,2.853,161086
1789170100,10,0,0.014,161086
1789170160,10,0,0.005,161086
1789170220,10,0,0.004,161086
1789170280,10,0,0.016,161086
1789170340,10,0,0.011,161086
1789170400,10,0,0.024,161086
1789170460,10,0,0.009,161086
1789170520,10,0,0.009,161086
1789170580,10,0,0.016,161086
1789170640,10,0,0.007,161086
1789170700,10,0,0.006,161086
1789170760,10,0,0.021,161086
1789170820,10,0,0.006,161086
1789170880,10,0,0.012,161086
1789170940,10,0,0.003,161086
1789171000,10,0,0.004,161086
1789171060,10,0,0.008,161086
1789171120,10,0,0.014,161086
1789171180,10,0,0.004,161086
1789171240,10,0,0.005,161086
1789171300,10,0,0.01,161086
1789171360,10,0,0.002,161086
1789171420,10,0,0.008,161086
1789171480,10,0,0.008,161086
1789171540,10,0,0.006,161086
1789171600,10,0,0.002,161086
1789171660,10,0,0.004,161086
1789171720,10,0,0.003,161086
1789171780,10,0,0.013,161086
1789171840,10,0,0.015,161086
1789171900,10,0,0.003,161086
1789171960,10,0,0.007,161086
1789172020,10,0,0.006,161086
1789172080,10,0,0.002,161086
1789172140,10,0,0.004,161086
1789172200,10,0,0.008,161086
1789172260,10,0,0.009,161086
1789172320,10,0,0.007,161086
1789172380,10,0,0.002,161086
1789172440,10,0,0.003,161086
1789172500,10,0,0.007,161086
1789172560,10,0,0.015,161086
1789172620,10,0,0.002,161086
1789172680,10,0,0.004,161086
1789172740,10,0,0.007,161086
1789172800,10,0,0.002,161086
1789172860,10,0,0.004,161086
1789172920,10,0,0.01,161086
1789172980,10,0,0.004,161086
1789173040,10,0,0.008,161086
1789173100,10,0,0.003,161086
1789173160,10,0,0.004,161086
1789173220,10,0,0.01,161086
1789173280,10,0,0.013,161086
1789173340,10,0,0.002,161086
1789173400,10,0,0.004,161086
1789173460,10,0,0.006,161086
1789173520,10,0,0.002,161086
1789173580,10,0,0.003,161086
1789173640,10,0,0.009,161086
1789173700,10,0,0.013,161086
1789173760,10,0,0.005,161086
1789173760,STOP,,,161086
