dbt5 - Driver Customer Emulator Main
Using the following settings:

Input files location: /tmp/.mount_dbt5eJGkBc/opt/egen/flat_in

Brokerage House address: localhost
Brokerage House port: 30000

Configured customer count: 5000
Active customer count: 5000
Days of initial trades: 300
Scale Factor: 500

User Threads: 10
Sleep between creating users: 6000

Test duration (sec): 3600
Pacing Delay (msec): 0

Unique ID (seed): 0
initializing data maintenance...

Running Trade-Cleanup transaction before starting the test...
Trade-Cleanup transaction completed.

Test is starting at 12:28:29.257
Estimated duration of ramp-up: 60 seconds
Estimated end time 13:29:29.257
>> Start of ramp-up.
>> Data-Maintenance thread started.
>> End of ramp-up.
User thread # 2804878 terminated.
User thread # 2802468 terminated.
User thread # 2802268 terminated.
User thread # 2805582 terminated.
User thread # 2803137 terminated.
User thread # 2806378 terminated.
User thread # 2803639 terminated.
User thread # 2802203 terminated.
User thread # 2802759 terminated.
User thread # 2804225 terminated.
Data-Maintenance thread stopped.
