1788870509,11,0,3.996,2802036
1788870509,10,0,0.005,2802036
1788870569,10,0,0.003,2802036
1788870629,10,0,0.002,2802036
1788870689,10,0,0.003,2802036
1788870749,10,0,0.003,2802036
1788870809,10,0,0.008,2802036
1788870869,10,0,0.003,2802036
1788870929,10,0,0.002,2802036
1788870989,10,0,0.004,2802036
1788871049,10,0,0.002,2802036
1788871109,10,0,0.003,2802036
1788871169,10,0,0.005,2802036
1788871229,10,0,0.003,2802036
1788871289,10,0,0.002,2802036
1788871349,10,0,0.003,2802036
1788871409,10,0,0.002,2802036
1788871469,10,0,0.004,2802036
1788871529,10,0,0.006,2802036
1788871589,10,0,0.002,2802036
1788871649,10,0,0.003,2802036
1788871709,10,0,0.003,2802036
1788871769,10,0,0.002,2802036
1788871829,10,0,0.001,2802036
1788871889,10,0,0.006,2802036
1788871949,10,0,0.002,2802036
1788872009,10,0,0.003,2802036
1788872069,10,0,0.002,2802036
1788872129,10,0,0.002,2802036
1788872189,10,0,0.003,2802036
1788872249,10,0,0.007,2802036
1788872309,10,0,0.001,2802036
1788872369,10,0,0.003,2802036
1788872429,10,0,0.003,2802036
1788872489,10,0,0.002,2802036
1788872549,10,0,0.002,2802036
1788872609,10,0,0.004,2802036
1788872669,10,0,0.001,2802036
1788872729,10,0,0.003,2802036
1788872789,10,0,0.001,2802036
1788872849,10,0,0.002,2802036
1788872909,10,0,0.002,2802036
1788872969,10,0,0.006,2802036
1788873029,10,0,0.001,2802036
1788873089,10,0,0.002,2802036
1788873149,10,0,0.003,2802036
1788873209,10,0,0.001,2802036
1788873269,10,0,0.003,2802036
1788873329,10,0,0.004,2802036
1788873389,10,0,0.002,2802036
1788873449,10,0,0.002,2802036
1788873509,10,0,0.002,2802036
1788873569,10,0,0.004,2802036
1788873629,10,0,0.003,2802036
1788873689,10,0,0.007,2802036
1788873749,10,0,0.002,2802036
1788873809,10,0,0.002,2802036
1788873869,10,0,0.003,2802036
1788873929,10,0,0.002,2802036
1788873989,10,0,0.002,2802036
1788874049,10,0,0.003,2802036
1788874109,10,0,0.003,2802036
1788874169,10,0,0.002,2802036
1788874169,STOP,,,2802036
