1789069883,11,0,2.484,3547568
1789069883,10,0,0.008,3547568
1789069943,10,0,0.009,3547568
1789070003,10,0,0.01,3547568
1789070063,10,0,0.006,3547568
1789070123,10,0,0.01,3547568
1789070183,10,0,0.022,3547568
1789070243,10,0,0.004,3547568
1789070303,10,0,0.008,3547568
1789070363,10,0,0.019,3547568
1789070423,10,0,0.007,3547568
1789070483,10,0,0.005,3547568
1789070543,10,0,0.014,3547568
1789070603,10,0,0.003,3547568
1789070663,10,0,0.009,3547568
1789070723,10,0,0.002,3547568
1789070783,10,0,0.004,3547568
1789070843,10,0,0.007,3547568
1789070903,10,0,0.017,3547568
1789070963,10,0,0.002,3547568
1789071023,10,0,0.008,3547568
1789071083,10,0,0.007,3547568
1789071143,10,0,0.005,3547568
1789071203,10,0,0.003,3547568
1789071263,10,0,0.008,3547568
1789071323,10,0,0.005,3547568
1789071383,10,0,0.005,3547568
1789071443,10,0,0.005,3547568
1789071503,10,0,0.003,3547568
1789071563,10,0,0.01,3547568
1789071623,10,0,0.013,3547568
1789071683,10,0,0.002,3547568
1789071743,10,0,0.006,3547568
1789071803,10,0,0.007,3547568
1789071863,10,0,0.002,3547568
1789071923,10,0,0.003,3547568
1789071983,10,0,0.014,3547568
1789072043,10,0,0.008,3547568
1789072103,10,0,0.005,3547568
1789072163,10,0,0.003,3547568
1789072223,10,0,0.006,3547568
1789072283,10,0,0.008,3547568
1789072343,10,0,0.015,3547568
1789072403,10,0,0.01,3547568
1789072463,10,0,0.007,3547568
1789072523,10,0,0.009,3547568
1789072583,10,0,0.003,3547568
1789072643,10,0,0.005,3547568
1789072703,10,0,0.016,3547568
1789072763,10,0,0.004,3547568
1789072823,10,0,0.004,3547568
1789072883,10,0,0.006,3547568
1789072943,10,0,0.003,3547568
1789073003,10,0,0.013,3547568
1789073063,10,0,0.018,3547568
1789073123,10,0,0.005,3547568
1789073183,10,0,0.005,3547568
1789073243,10,0,0.008,3547568
1789073303,10,0,0.003,3547568
1789073363,10,0,0.004,3547568
1789073423,10,0,0.014,3547568
1789073483,10,0,0.007,3547568
1789073543,10,0,0.002,3547568
1789073543,STOP,,,3547568
