1788983142,11,0,1.222,3374488
1788983142,10,0,0.011,3374488
1788983202,10,0,0.004,3374488
1788983262,10,0,0.003,3374488
1788983322,10,0,0.004,3374488
1788983382,10,0,0.007,3374488
1788983442,10,0,0.026,3374488
1788983502,10,0,0.002,3374488
1788983562,10,0,0.004,3374488
1788983622,10,0,0.011,3374488
1788983682,10,0,0.006,3374488
1788983742,10,0,0.003,3374488
1788983802,10,0,0.012,3374488
1788983862,10,0,0.005,3374488
1788983922,10,0,0.003,3374488
1788983982,10,0,0.003,3374488
1788984042,10,0,0.003,3374488
1788984102,10,0,0.004,3374488
1788984162,10,0,0.028,3374488
1788984222,10,0,0.002,3374488
1788984282,10,0,0.005,3374488
1788984342,10,0,0.006,3374488
1788984402,10,0,0.002,3374488
1788984462,10,0,0.001,3374488
1788984522,10,0,0.012,3374488
1788984582,10,0,0.006,3374488
1788984642,10,0,0.003,3374488
1788984702,10,0,0.002,3374488
1788984762,10,0,0.004,3374488
1788984822,10,0,0.004,3374488
1788984883,10,0,0.029,3374488
1788984942,10,0,0.002,3374488
1788985002,10,0,0.009,3374488
1788985062,10,0,0.007,3374488
1788985122,10,0,0.002,3374488
1788985182,10,0,0.002,3374488
1788985242,10,0,0.008,3374488
1788985302,10,0,0.005,3374488
1788985362,10,0,0.008,3374488
1788985422,10,0,0.002,3374488
1788985482,10,0,0.004,3374488
1788985542,10,0,0.004,3374488
1788985602,10,0,0.026,3374488
1788985662,10,0,0.001,3374488
1788985722,10,0,0.004,3374488
1788985782,10,0,0.006,3374488
1788985842,10,0,0.002,3374488
1788985902,10,0,0.002,3374488
1788985962,10,0,0.009,3374488
1788986022,10,0,0.005,3374488
1788986082,10,0,0.003,3374488
1788986142,10,0,0.004,3374488
1788986202,10,0,0.002,3374488
1788986262,10,0,0.005,3374488
1788986322,10,0,0.03,3374488
1788986382,10,0,0.001,3374488
1788986442,10,0,0.004,3374488
1788986502,10,0,0.006,3374488
1788986562,10,0,0.002,3374488
1788986622,10,0,0.002,3374488
1788986682,10,0,0.011,3374488
1788986742,10,0,0.004,3374488
1788986802,10,0,0.006,3374488
1788986802,STOP,,,3374488
