1789241202,11,0,3.746,3453373
1789241202,10,0,0.009,3453373
1789241262,10,0,0.016,3453373
1789241322,10,0,0.021,3453373
1789241382,10,0,0.009,3453373
1789241442,10,0,0.012,3453373
1789241502,10,0,0.024,3453373
1789241562,10,0,0.009,3453373
1789241622,10,0,0.009,3453373
1789241682,10,0,0.012,3453373
1789241742,10,0,0.006,3453373
1789241802,10,0,0.003,3453373
1789241862,10,0,0.024,3453373
1789241922,10,0,0.007,3453373
1789241982,10,0,0.004,3453373
1789242042,10,0,0.004,3453373
1789242102,10,0,0.007,3453373
1789242162,10,0,0.007,3453373
1789242222,10,0,0.012,3453373
1789242282,10,0,0.004,3453373
1789242342,10,0,0.003,3453373
1789242402,10,0,0.009,3453373
1789242462,10,0,0.004,3453373
1789242522,10,0,0.006,3453373
1789242582,10,0,0.01,3453373
1789242642,10,0,0.012,3453373
1789242702,10,0,0.008,3453373
1789242762,10,0,0.007,3453373
1789242822,10,0,0.002,3453373
1789242882,10,0,0.007,3453373
1789242942,10,0,0.026,3453373
1789243002,10,0,0.006,3453373
1789243062,10,0,0.003,3453373
1789243122,10,0,0.011,3453373
1789243182,10,0,0.006,3453373
1789243242,10,0,0.003,3453373
1789243302,10,0,0.01,3453373
1789243362,10,0,0.005,3453373
1789243422,10,0,0.01,3453373
1789243482,10,0,0.004,3453373
1789243542,10,0,0.003,3453373
1789243602,10,0,0.007,3453373
1789243662,10,0,0.02,3453373
1789243722,10,0,0.003,3453373
1789243782,10,0,0.01,3453373
1789243842,10,0,0.011,3453373
1789243902,10,0,0.006,3453373
1789243962,10,0,0.005,3453373
1789244022,10,0,0.012,3453373
1789244082,10,0,0.006,3453373
1789244142,10,0,0.003,3453373
1789244202,10,0,0.005,3453373
1789244262,10,0,0.005,3453373
1789244322,10,0,0.009,3453373
1789244382,10,0,0.017,3453373
1789244442,10,0,0.002,3453373
1789244502,10,0,0.007,3453373
1789244562,10,0,0.01,3453373
1789244622,10,0,0.003,3453373
1789244682,10,0,0.003,3453373
1789244742,10,0,0.011,3453373
1789244802,10,0,0.006,3453373
1789244862,10,0,0.004,3453373
1789244862,STOP,,,3453373
