1789173830,11,0,4.119,358291
1789173830,10,0,0.015,358291
1789173890,10,0,0.009,358291
1789173950,10,0,0.008,358291
1789174010,10,0,0.01,358291
1789174070,10,0,0.012,358291
1789174130,10,0,0.027,358291
1789174190,10,0,0.007,358291
1789174250,10,0,0.005,358291
1789174310,10,0,0.017,358291
1789174370,10,0,0.007,358291
1789174430,10,0,0.007,358291
1789174490,10,0,0.015,358291
1789174550,10,0,0.007,358291
1789174610,10,0,0.008,358291
1789174670,10,0,0.003,358291
1789174730,10,0,0.015,358291
1789174790,10,0,0.006,358291
1789174851,10,0,0.029,358291
1789174910,10,0,0.007,358291
1789174970,10,0,0.005,358291
1789175030,10,0,0.008,358291
1789175090,10,0,0.002,358291
1789175150,10,0,0.003,358291
1789175210,10,0,0.016,358291
1789175270,10,0,0.005,358291
1789175330,10,0,0.003,358291
1789175390,10,0,0.003,358291
1789175450,10,0,0.009,358291
1789175510,10,0,0.007,358291
1789175570,10,0,0.011,358291
1789175630,10,0,0.004,358291
1789175690,10,0,0.009,358291
1789175750,10,0,0.007,358291
1789175810,10,0,0.003,358291
1789175870,10,0,0.005,358291
1789175930,10,0,0.009,358291
1789175990,10,0,0.009,358291
1789176050,10,0,0.004,358291
1789176110,10,0,0.002,358291
1789176170,10,0,0.005,358291
1789176230,10,0,0.017,358291
1789176290,10,0,0.028,358291
1789176350,10,0,0.001,358291
1789176410,10,0,0.006,358291
1789176470,10,0,0.008,358291
1789176530,10,0,0.003,358291
1789176590,10,0,0.005,358291
1789176650,10,0,0.016,358291
1789176710,10,0,0.011,358291
1789176770,10,0,0.014,358291
1789176830,10,0,0.006,358291
1789176890,10,0,0.005,358291
1789176950,10,0,0.008,358291
1789177010,10,0,0.015,358291
1789177070,10,0,0.003,358291
1789177130,10,0,0.004,358291
1789177190,10,0,0.021,358291
1789177250,10,0,0.003,358291
1789177310,10,0,0.007,358291
1789177370,10,0,0.009,358291
1789177430,10,0,0.004,358291
1789177490,10,0,0.002,358291
1789177490,STOP,,,358291
