1788851764,11,0,3.228,267028
1788851764,10,0,0.005,267028
1788851824,10,0,0.003,267028
1788851884,10,0,0.002,267028
1788851944,10,0,0.003,267028
1788852004,10,0,0.004,267028
1788852064,10,0,0.007,267028
1788852124,10,0,0.002,267028
1788852184,10,0,0.002,267028
1788852244,10,0,0.003,267028
1788852304,10,0,0.001,267028
1788852364,10,0,0.002,267028
1788852424,10,0,0.004,267028
1788852484,10,0,0.002,267028
1788852544,10,0,0.002,267028
1788852604,10,0,0.002,267028
1788852664,10,0,0.003,267028
1788852724,10,0,0.003,267028
1788852784,10,0,0.005,267028
1788852844,10,0,0.002,267028
1788852904,10,0,0.002,267028
1788852964,10,0,0.002,267028
1788853024,10,0,0.002,267028
1788853084,10,0,0.001,267028
1788853144,10,0,0.004,267028
1788853204,10,0,0.002,267028
1788853264,10,0,0.003,267028
1788853324,10,0,0.002,267028
1788853384,10,0,0.002,267028
1788853444,10,0,0.003,267028
1788853504,10,0,0.006,267028
1788853564,10,0,0.001,267028
1788853624,10,0,0.002,267028
1788853684,10,0,0.003,267028
1788853744,10,0,0.001,267028
1788853804,10,0,0.003,267028
1788853864,10,0,0.004,267028
1788853924,10,0,0.002,267028
1788853984,10,0,0.003,267028
1788854044,10,0,0.002,267028
1788854104,10,0,0.002,267028
1788854164,10,0,0.002,267028
1788854224,10,0,0.008,267028
1788854284,10,0,0.001,267028
1788854344,10,0,0.002,267028
1788854404,10,0,0.003,267028
1788854464,10,0,0.002,267028
1788854524,10,0,0.002,267028
1788854584,10,0,0.004,267028
1788854644,10,0,0.001,267028
1788854704,10,0,0.003,267028
1788854764,10,0,0.001,267028
1788854824,10,0,0.002,267028
1788854884,10,0,0.002,267028
1788854944,10,0,0.007,267028
1788855004,10,0,0.002,267028
1788855064,10,0,0.002,267028
1788855124,10,0,0.002,267028
1788855184,10,0,0.002,267028
1788855244,10,0,0.002,267028
1788855304,10,0,0.004,267028
1788855364,10,0,0.002,267028
1788855424,10,0,0.003,267028
1788855424,STOP,,,267028
