1789151718,11,0,1.359,4131767
1789151718,10,0,0.009,4131767
1789151778,10,0,0.005,4131767
1789151838,10,0,0.004,4131767
1789151898,10,0,0.003,4131767
1789151958,10,0,0.014,4131767
1789152018,10,0,0.031,4131767
1789152078,10,0,0.004,4131767
1789152138,10,0,0.005,4131767
1789152198,10,0,0.012,4131767
1789152258,10,0,0.005,4131767
1789152318,10,0,0.012,4131767
1789152378,10,0,0.014,4131767
1789152438,10,0,0.003,4131767
1789152498,10,0,0.005,4131767
1789152558,10,0,0.002,4131767
1789152618,10,0,0.003,4131767
1789152678,10,0,0.012,4131767
1789152738,10,0,0.052,4131767
1789152798,10,0,0.001,4131767
1789152858,10,0,0.004,4131767
1789152918,10,0,0.007,4131767
1789152978,10,0,0.002,4131767
1789153038,10,0,0.003,4131767
1789153098,10,0,0.01,4131767
1789153158,10,0,0.005,4131767
1789153218,10,0,0.003,4131767
1789153278,10,0,0.008,4131767
1789153339,10,0,0.015,4131767
1789153398,10,0,0.003,4131767
1789153458,10,0,0.024,4131767
1789153518,10,0,0.001,4131767
1789153578,10,0,0.012,4131767
1789153638,10,0,0.005,4131767
1789153698,10,0,0.001,4131767
1789153758,10,0,0.002,4131767
1789153818,10,0,0.009,4131767
1789153878,10,0,0.009,4131767
1789153938,10,0,0.005,4131767
1789153998,10,0,0.002,4131767
1789154058,10,0,0.003,4131767
1789154118,10,0,0.003,4131767
1789154178,10,0,0.032,4131767
1789154238,10,0,0.002,4131767
1789154298,10,0,0.006,4131767
1789154358,10,0,0.004,4131767
1789154418,10,0,0.002,4131767
1789154478,10,0,0.002,4131767
1789154538,10,0,0.011,4131767
1789154598,10,0,0.004,4131767
1789154658,10,0,0.01,4131767
1789154718,10,0,0.002,4131767
1789154778,10,0,0.012,4131767
1789154838,10,0,0.004,4131767
1789154898,10,0,0.024,4131767
1789154958,10,0,0.004,4131767
1789155018,10,0,0.005,4131767
1789155078,10,0,0.005,4131767
1789155138,10,0,0.002,4131767
1789155198,10,0,0.01,4131767
1789155258,10,0,0.013,4131767
1789155318,10,0,0.004,4131767
1789155378,10,0,0.005,4131767
1789155378,STOP,,,4131767
