1788923266,11,0,6.334,747628
1788923267,10,0,0.012,747628
1788923326,10,0,0.012,747628
1788923386,10,0,0.002,747628
1788923446,10,0,0.002,747628
1788923506,10,0,0.006,747628
1788923566,10,0,0.019,747628
1788923626,10,0,0.003,747628
1788923686,10,0,0.006,747628
1788923746,10,0,0.007,747628
1788923806,10,0,0.003,747628
1788923866,10,0,0.002,747628
1788923926,10,0,0.007,747628
1788923986,10,0,0.004,747628
1788924046,10,0,0.006,747628
1788924106,10,0,0.002,747628
1788924166,10,0,0.003,747628
1788924226,10,0,0.006,747628
1788924286,10,0,0.012,747628
1788924346,10,0,0.002,747628
1788924406,10,0,0.004,747628
1788924466,10,0,0.007,747628
1788924526,10,0,0.003,747628
1788924586,10,0,0.002,747628
1788924646,10,0,0.009,747628
1788924706,10,0,0.003,747628
1788924766,10,0,0.006,747628
1788924826,10,0,0.003,747628
1788924886,10,0,0.004,747628
1788924946,10,0,0.002,747628
1788925006,10,0,0.014,747628
1788925066,10,0,0.002,747628
1788925126,10,0,0.008,747628
1788925186,10,0,0.008,747628
1788925246,10,0,0.002,747628
1788925306,10,0,0.002,747628
1788925366,10,0,0.008,747628
1788925426,10,0,0.002,747628
1788925486,10,0,0.003,747628
1788925546,10,0,0.006,747628
1788925606,10,0,0.002,747628
1788925666,10,0,0.008,747628
1788925726,10,0,0.009,747628
1788925786,10,0,0.002,747628
1788925846,10,0,0.008,747628
1788925906,10,0,0.005,747628
1788925966,10,0,0.008,747628
1788926026,10,0,0.001,747628
1788926086,10,0,0.003,747628
1788926146,10,0,0.003,747628
1788926206,10,0,0.004,747628
1788926266,10,0,0.002,747628
1788926326,10,0,0.002,747628
1788926386,10,0,0.004,747628
1788926446,10,0,0.008,747628
1788926506,10,0,0.002,747628
1788926566,10,0,0.003,747628
1788926626,10,0,0.002,747628
1788926686,10,0,0.001,747628
1788926746,10,0,0.01,747628
1788926806,10,0,0.004,747628
1788926866,10,0,0.007,747628
1788926926,10,0,0.003,747628
1788926926,STOP,,,747628
