1788919493,11,0,5.404,4175671
1788919493,10,0,0.003,4175671
1788919553,10,0,0.007,4175671
1788919613,10,0,0.005,4175671
1788919673,10,0,0.009,4175671
1788919733,10,0,0.005,4175671
1788919793,10,0,0.009,4175671
1788919853,10,0,0.002,4175671
1788919913,10,0,0.003,4175671
1788919973,10,0,0.007,4175671
1788920033,10,0,0.004,4175671
1788920093,10,0,0.01,4175671
1788920153,10,0,0.005,4175671
1788920213,10,0,0.005,4175671
1788920273,10,0,0.009,4175671
1788920333,10,0,0.005,4175671
1788920393,10,0,0.006,4175671
1788920453,10,0,0.003,4175671
1788920513,10,0,0.009,4175671
1788920573,10,0,0.002,4175671
1788920633,10,0,0.007,4175671
1788920693,10,0,0.01,4175671
1788920753,10,0,0.003,4175671
1788920813,10,0,0.004,4175671
1788920873,10,0,0.011,4175671
1788920934,10,0,0.006,4175671
1788920993,10,0,0.009,4175671
1788921053,10,0,0.005,4175671
1788921113,10,0,0.003,4175671
1788921173,10,0,0.024,4175671
1788921233,10,0,0.009,4175671
1788921293,10,0,0.008,4175671
1788921353,10,0,0.011,4175671
1788921413,10,0,0.007,4175671
1788921473,10,0,0.002,4175671
1788921533,10,0,0.004,4175671
1788921593,10,0,0.019,4175671
1788921653,10,0,0.005,4175671
1788921713,10,0,0.006,4175671
1788921773,10,0,0.004,4175671
1788921833,10,0,0.002,4175671
1788921893,10,0,0.008,4175671
1788921953,10,0,0.009,4175671
1788922013,10,0,0.001,4175671
1788922073,10,0,0.006,4175671
1788922133,10,0,0.004,4175671
1788922193,10,0,0.004,4175671
1788922253,10,0,0.002,4175671
1788922313,10,0,0.018,4175671
1788922373,10,0,0.004,4175671
1788922433,10,0,0.01,4175671
1788922493,10,0,0.003,4175671
1788922553,10,0,0.004,4175671
1788922613,10,0,0.008,4175671
1788922673,10,0,0.018,4175671
1788922733,10,0,0.003,4175671
1788922793,10,0,0.004,4175671
1788922853,10,0,0.004,4175671
1788922913,10,0,0.005,4175671
1788922973,10,0,0.003,4175671
1788923033,10,0,0.005,4175671
1788923093,10,0,0.001,4175671
1788923153,10,0,0.002,4175671
1788923153,STOP,,,4175671
