1789202668,11,0,2.497,1405436
1789202668,10,0,0.007,1405436
1789202728,10,0,0.013,1405436
1789202788,10,0,0.098,1405436
1789202848,10,0,0.006,1405436
1789202908,10,0,0.013,1405436
1789202969,10,0,0.766,1405436
1789203028,10,0,0.005,1405436
1789203088,10,0,0.01,1405436
1789203148,10,0,0.016,1405436
1789203208,10,0,0.01,1405436
1789203268,10,0,0.006,1405436
1789203328,10,0,0.013,1405436
1789203388,10,0,0.005,1405436
1789203448,10,0,0.005,1405436
1789203508,10,0,0.005,1405436
1789203568,10,0,0.006,1405436
1789203628,10,0,0.005,1405436
1789203688,10,0,0.02,1405436
1789203748,10,0,0.002,1405436
1789203808,10,0,0.01,1405436
1789203868,10,0,0.008,1405436
1789203928,10,0,0.005,1405436
1789203988,10,0,0.007,1405436
1789204048,10,0,0.007,1405436
1789204108,10,0,0.006,1405436
1789204168,10,0,0.008,1405436
1789204228,10,0,0.003,1405436
1789204288,10,0,0.005,1405436
1789204348,10,0,0.01,1405436
1789204408,10,0,0.017,1405436
1789204468,10,0,0.003,1405436
1789204528,10,0,0.009,1405436
1789204588,10,0,0.012,1405436
1789204648,10,0,0.003,1405436
1789204708,10,0,0.002,1405436
1789204768,10,0,0.014,1405436
1789204828,10,0,0.004,1405436
1789204888,10,0,0.009,1405436
1789204948,10,0,0.002,1405436
1789205008,10,0,0.004,1405436
1789205068,10,0,0.009,1405436
1789205128,10,0,0.036,1405436
1789205188,10,0,0.002,1405436
1789205248,10,0,0.004,1405436
1789205308,10,0,0.008,1405436
1789205368,10,0,0.003,1405436
1789205428,10,0,0.004,1405436
1789205488,10,0,0.013,1405436
1789205548,10,0,0.006,1405436
1789205608,10,0,0.009,1405436
1789205668,10,0,0.009,1405436
1789205728,10,0,0.007,1405436
1789205788,10,0,0.009,1405436
1789205848,10,0,0.021,1405436
1789205908,10,0,0.005,1405436
1789205968,10,0,0.007,1405436
1789206028,10,0,0.008,1405436
1789206088,10,0,0.005,1405436
1789206148,10,0,0.004,1405436
1789206208,10,0,0.014,1405436
1789206268,10,0,0.005,1405436
1789206328,10,0,0.003,1405436
1789206328,STOP,,,1405436
