1789210166,11,0,2.986,1929732
1789210166,10,0,0.015,1929732
1789210226,10,0,0.011,1929732
1789210286,10,0,0.01,1929732
1789210346,10,0,0.007,1929732
1789210406,10,0,0.012,1929732
1789210466,10,0,0.02,1929732
1789210526,10,0,0.009,1929732
1789210586,10,0,0.016,1929732
1789210646,10,0,0.015,1929732
1789210706,10,0,0.01,1929732
1789210766,10,0,0.006,1929732
1789210827,10,0,0.021,1929732
1789210886,10,0,0.007,1929732
1789210946,10,0,0.007,1929732
1789211006,10,0,0.003,1929732
1789211066,10,0,0.005,1929732
1789211126,10,0,0.009,1929732
1789211186,10,0,0.014,1929732
1789211246,10,0,0.002,1929732
1789211306,10,0,0.008,1929732
1789211366,10,0,0.008,1929732
1789211426,10,0,0.003,1929732
1789211486,10,0,0.003,1929732
1789211546,10,0,0.009,1929732
1789211607,10,0,1.407,1929732
1789211666,10,0,0.007,1929732
1789211726,10,0,0.004,1929732
1789211786,10,0,0.003,1929732
1789211846,10,0,0.008,1929732
1789211906,10,0,0.014,1929732
1789211966,10,0,0.01,1929732
1789212026,10,0,0.005,1929732
1789212086,10,0,0.009,1929732
1789212146,10,0,0.004,1929732
1789212206,10,0,0.006,1929732
1789212266,10,0,0.011,1929732
1789212326,10,0,0.005,1929732
1789212386,10,0,0.004,1929732
1789212446,10,0,0.003,1929732
1789212506,10,0,0.021,1929732
1789212566,10,0,0.005,1929732
1789212626,10,0,0.012,1929732
1789212686,10,0,0.003,1929732
1789212746,10,0,0.004,1929732
1789212806,10,0,0.006,1929732
1789212866,10,0,0.009,1929732
1789212926,10,0,0.003,1929732
1789212986,10,0,0.008,1929732
1789213046,10,0,0.01,1929732
1789213106,10,0,0.007,1929732
1789213166,10,0,0.005,1929732
1789213226,10,0,0.005,1929732
1789213286,10,0,0.012,1929732
1789213346,10,0,0.016,1929732
1789213406,10,0,0.002,1929732
1789213466,10,0,0.007,1929732
1789213526,10,0,0.007,1929732
1789213586,10,0,0.009,1929732
1789213646,10,0,0.004,1929732
1789213706,10,0,0.009,1929732
1789213766,10,0,0.006,1929732
1789213826,10,0,0.002,1929732
1789213826,STOP,,,1929732
