1788930807,11,0,5.493,2287586
1788930807,10,0,0.007,2287586
1788930867,10,0,0.015,2287586
1788930927,10,0,0.005,2287586
1788930987,10,0,0.004,2287586
1788931047,10,0,0.014,2287586
1788931107,10,0,0.024,2287586
1788931167,10,0,0.003,2287586
1788931227,10,0,0.007,2287586
1788931287,10,0,0.016,2287586
1788931347,10,0,0.002,2287586
1788931407,10,0,0.003,2287586
1788931467,10,0,0.006,2287586
1788931527,10,0,0.002,2287586
1788931587,10,0,0.007,2287586
1788931647,10,0,0.005,2287586
1788931707,10,0,0.002,2287586
1788931767,10,0,0.003,2287586
1788931827,10,0,0.015,2287586
1788931887,10,0,0.002,2287586
1788931947,10,0,0.004,2287586
1788932007,10,0,0.003,2287586
1788932067,10,0,0.003,2287586
1788932127,10,0,0.003,2287586
1788932187,10,0,0.018,2287586
1788932247,10,0,0.002,2287586
1788932307,10,0,0.003,2287586
1788932367,10,0,0.005,2287586
1788932427,10,0,0.002,2287586
1788932487,10,0,0.012,2287586
1788932547,10,0,0.005,2287586
1788932607,10,0,0.003,2287586
1788932667,10,0,0.004,2287586
1788932727,10,0,0.013,2287586
1788932787,10,0,0.006,2287586
1788932847,10,0,0.002,2287586
1788932907,10,0,0.005,2287586
1788932967,10,0,0.006,2287586
1788933027,10,0,0.002,2287586
1788933087,10,0,0.002,2287586
1788933147,10,0,0.004,2287586
1788933207,10,0,0.009,2287586
1788933267,10,0,0.007,2287586
1788933327,10,0,0.003,2287586
1788933387,10,0,0.011,2287586
1788933447,10,0,0.008,2287586
1788933507,10,0,0.01,2287586
1788933567,10,0,0.003,2287586
1788933627,10,0,0.007,2287586
1788933687,10,0,0.004,2287586
1788933747,10,0,0.004,2287586
1788933807,10,0,0.002,2287586
1788933867,10,0,0.006,2287586
1788933927,10,0,0.011,2287586
1788933987,10,0,0.016,2287586
1788934047,10,0,0.002,2287586
1788934107,10,0,0.003,2287586
1788934167,10,0,0.012,2287586
1788934227,10,0,0.003,2287586
1788934287,10,0,0.003,2287586
1788934347,10,0,0.013,2287586
1788934407,10,0,0.008,2287586
1788934467,10,0,0.002,2287586
1788934467,STOP,,,2287586
