1789253902,11,0,3.74,58692
1789253902,10,0,0.011,58692
1789253962,10,0,0.006,58692
1789254022,10,0,0.004,58692
1789254082,10,0,0.008,58692
1789254142,10,0,0.01,58692
1789254202,10,0,0.017,58692
1789254262,10,0,0.006,58692
1789254322,10,0,0.007,58692
1789254382,10,0,0.01,58692
1789254442,10,0,0.006,58692
1789254502,10,0,0.004,58692
1789254562,10,0,0.012,58692
1789254622,10,0,0.005,58692
1789254682,10,0,0.005,58692
1789254742,10,0,0.003,58692
1789254802,10,0,0.003,58692
1789254862,10,0,0.007,58692
1789254922,10,0,0.012,58692
1789254982,10,0,0.003,58692
1789255042,10,0,0.003,58692
1789255102,10,0,0.005,58692
1789255162,10,0,0.003,58692
1789255222,10,0,0.004,58692
1789255282,10,0,0.008,58692
1789255342,10,0,0.005,58692
1789255402,10,0,0.005,58692
1789255462,10,0,0.009,58692
1789255522,10,0,0.004,58692
1789255582,10,0,0.005,58692
1789255642,10,0,0.011,58692
1789255702,10,0,0.002,58692
1789255762,10,0,0.007,58692
1789255822,10,0,0.006,58692
1789255882,10,0,0.002,58692
1789255942,10,0,0.002,58692
1789256002,10,0,0.007,58692
1789256062,10,0,0.004,58692
1789256122,10,0,0.006,58692
1789256182,10,0,0.006,58692
1789256242,10,0,0.003,58692
1789256302,10,0,0.007,58692
1789256362,10,0,0.011,58692
1789256422,10,0,0.003,58692
1789256482,10,0,0.007,58692
1789256542,10,0,0.007,58692
1789256602,10,0,0.002,58692
1789256662,10,0,0.003,58692
1789256722,10,0,0.008,58692
1789256782,10,0,0.005,58692
1789256842,10,0,0.005,58692
1789256902,10,0,0.003,58692
1789256962,10,0,0.006,58692
1789257022,10,0,0.006,58692
1789257082,10,0,0.008,58692
1789257142,10,0,0.002,58692
1789257202,10,0,0.004,58692
1789257262,10,0,0.007,58692
1789257322,10,0,0.002,58692
1789257382,10,0,0.006,58692
1789257442,10,0,0.009,58692
1789257502,10,0,0.006,58692
1789257562,10,0,0.005,58692
1789257562,STOP,,,58692
