1788848020,11,0,1.806,4120630
1788848020,10,0,0.004,4120630
1788848080,10,0,0.003,4120630
1788848140,10,0,0.002,4120630
1788848200,10,0,0.002,4120630
1788848260,10,0,0.003,4120630
1788848320,10,0,0.01,4120630
1788848380,10,0,0.002,4120630
1788848440,10,0,0.002,4120630
1788848500,10,0,0.004,4120630
1788848560,10,0,0.001,4120630
1788848620,10,0,0.003,4120630
1788848680,10,0,0.004,4120630
1788848740,10,0,0.002,4120630
1788848800,10,0,0.002,4120630
1788848860,10,0,0.002,4120630
1788848920,10,0,0.002,4120630
1788848980,10,0,0.003,4120630
1788849040,10,0,0.006,4120630
1788849100,10,0,0.001,4120630
1788849160,10,0,0.003,4120630
1788849220,10,0,0.003,4120630
1788849280,10,0,0.001,4120630
1788849340,10,0,0.002,4120630
1788849400,10,0,0.004,4120630
1788849460,10,0,0.002,4120630
1788849520,10,0,0.002,4120630
1788849580,10,0,0.002,4120630
1788849640,10,0,0.002,4120630
1788849700,10,0,0.003,4120630
1788849760,10,0,0.006,4120630
1788849820,10,0,0.002,4120630
1788849880,10,0,0.002,4120630
1788849940,10,0,0.003,4120630
1788850000,10,0,0.002,4120630
1788850060,10,0,0.001,4120630
1788850120,10,0,0.003,4120630
1788850180,10,0,0.003,4120630
1788850240,10,0,0.002,4120630
1788850300,10,0,0.002,4120630
1788850360,10,0,0.003,4120630
1788850420,10,0,0.003,4120630
1788850480,10,0,0.005,4120630
1788850540,10,0,0.001,4120630
1788850600,10,0,0.003,4120630
1788850660,10,0,0.002,4120630
1788850720,10,0,0.002,4120630
1788850780,10,0,0.002,4120630
1788850841,10,0,0.003,4120630
1788850900,10,0,0.002,4120630
1788850960,10,0,0.002,4120630
1788851020,10,0,0.001,4120630
1788851080,10,0,0.002,4120630
1788851140,10,0,0.003,4120630
1788851200,10,0,0.007,4120630
1788851260,10,0,0.001,4120630
1788851320,10,0,0.002,4120630
1788851380,10,0,0.002,4120630
1788851440,10,0,0.002,4120630
1788851500,10,0,0.001,4120630
1788851560,10,0,0.004,4120630
1788851620,10,0,0.003,4120630
1788851680,10,0,0.003,4120630
1788851680,STOP,,,4120630
