1788863005,11,0,3.451,1659148
1788863005,10,0,0.004,1659148
1788863065,10,0,0.002,1659148
1788863125,10,0,0.003,1659148
1788863185,10,0,0.003,1659148
1788863245,10,0,0.003,1659148
1788863305,10,0,0.007,1659148
1788863365,10,0,0.002,1659148
1788863425,10,0,0.002,1659148
1788863485,10,0,0.004,1659148
1788863545,10,0,0.002,1659148
1788863605,10,0,0.003,1659148
1788863665,10,0,0.004,1659148
1788863725,10,0,0.002,1659148
1788863785,10,0,0.002,1659148
1788863845,10,0,0.002,1659148
1788863905,10,0,0.001,1659148
1788863965,10,0,0.003,1659148
1788864025,10,0,0.006,1659148
1788864085,10,0,0.002,1659148
1788864145,10,0,0.002,1659148
1788864205,10,0,0.003,1659148
1788864265,10,0,0.002,1659148
1788864325,10,0,0.002,1659148
1788864385,10,0,0.004,1659148
1788864445,10,0,0.002,1659148
1788864505,10,0,0.003,1659148
1788864565,10,0,0.002,1659148
1788864625,10,0,0.003,1659148
1788864685,10,0,0.004,1659148
1788864745,10,0,0.008,1659148
1788864805,10,0,0.003,1659148
1788864865,10,0,0.003,1659148
1788864925,10,0,0.002,1659148
1788864985,10,0,0.002,1659148
1788865045,10,0,0.003,1659148
1788865105,10,0,0.003,1659148
1788865165,10,0,0.003,1659148
1788865225,10,0,0.002,1659148
1788865285,10,0,0.002,1659148
1788865345,10,0,0.002,1659148
1788865405,10,0,0.003,1659148
1788865465,10,0,0.007,1659148
1788865525,10,0,0.002,1659148
1788865585,10,0,0.002,1659148
1788865645,10,0,0.002,1659148
1788865705,10,0,0.003,1659148
1788865765,10,0,0.002,1659148
1788865825,10,0,0.005,1659148
1788865885,10,0,0.001,1659148
1788865945,10,0,0.002,1659148
1788866005,10,0,0.002,1659148
1788866065,10,0,0.001,1659148
1788866125,10,0,0.003,1659148
1788866185,10,0,0.007,1659148
1788866245,10,0,0.002,1659148
1788866305,10,0,0.002,1659148
1788866365,10,0,0.003,1659148
1788866425,10,0,0.002,1659148
1788866485,10,0,0.003,1659148
1788866545,10,0,0.005,1659148
1788866605,10,0,0.002,1659148
1788866665,10,0,0.002,1659148
1788866665,STOP,,,1659148
