dbt5 - Driver Customer Emulator Main
Using the following settings:

Input files location: /tmp/.mount_dbt5Joadbj/opt/egen/flat_in

Brokerage House address: localhost
Brokerage House port: 30000

Configured customer count: 5000
Active customer count: 5000
Days of initial trades: 300
Scale Factor: 500

User Threads: 11
Sleep between creating users: 5454

Test duration (sec): 3600
Pacing Delay (msec): 0

Unique ID (seed): 0
initializing data maintenance...

Running Trade-Cleanup transaction before starting the test...
Trade-Cleanup transaction completed.

Test is starting at 13:31:07.219
Estimated duration of ramp-up: 59 seconds
Estimated end time 14:31:07.219
>> Start of ramp-up.
>> Data-Maintenance thread started.
>> End of ramp-up.
User thread # 3437377 terminated.
User thread # 3437873 terminated.
User thread # 3436959 terminated.
User thread # 3436630 terminated.
User thread # 3436213 terminated.
User thread # 3438462 terminated.
User thread # 3439107 terminated.
User thread # 3439792 terminated.
User thread # 3436151 terminated.
User thread # 3436374 terminated.
User thread # 3440495 terminated.
Data-Maintenance thread stopped.
