1788874267,11,0,4.451,3435984
1788874267,10,0,0.004,3435984
1788874327,10,0,0.003,3435984
1788874387,10,0,0.002,3435984
1788874447,10,0,0.002,3435984
1788874507,10,0,0.004,3435984
1788874567,10,0,0.008,3435984
1788874627,10,0,0.002,3435984
1788874687,10,0,0.002,3435984
1788874747,10,0,0.003,3435984
1788874807,10,0,0.002,3435984
1788874867,10,0,0.002,3435984
1788874927,10,0,0.005,3435984
1788874987,10,0,0.004,3435984
1788875047,10,0,0.002,3435984
1788875107,10,0,0.003,3435984
1788875167,10,0,0.002,3435984
1788875227,10,0,0.004,3435984
1788875287,10,0,0.009,3435984
1788875347,10,0,0.002,3435984
1788875407,10,0,0.003,3435984
1788875467,10,0,0.004,3435984
1788875527,10,0,0.002,3435984
1788875587,10,0,0.002,3435984
1788875647,10,0,0.004,3435984
1788875707,10,0,0.002,3435984
1788875767,10,0,0.003,3435984
1788875827,10,0,0.003,3435984
1788875887,10,0,0.003,3435984
1788875947,10,0,0.002,3435984
1788876007,10,0,0.007,3435984
1788876067,10,0,0.002,3435984
1788876127,10,0,0.002,3435984
1788876187,10,0,0.003,3435984
1788876247,10,0,0.001,3435984
1788876307,10,0,0.003,3435984
1788876367,10,0,0.004,3435984
1788876427,10,0,0.002,3435984
1788876487,10,0,0.002,3435984
1788876547,10,0,0.002,3435984
1788876607,10,0,0.002,3435984
1788876667,10,0,0.003,3435984
1788876727,10,0,0.008,3435984
1788876787,10,0,0.002,3435984
1788876847,10,0,0.003,3435984
1788876907,10,0,0.003,3435984
1788876967,10,0,0.002,3435984
1788877027,10,0,0.002,3435984
1788877087,10,0,0.005,3435984
1788877147,10,0,0.001,3435984
1788877207,10,0,0.002,3435984
1788877267,10,0,0.002,3435984
1788877327,10,0,0.002,3435984
1788877387,10,0,0.003,3435984
1788877447,10,0,0.008,3435984
1788877507,10,0,0.002,3435984
1788877567,10,0,0.003,3435984
1788877627,10,0,0.002,3435984
1788877687,10,0,0.002,3435984
1788877747,10,0,0.002,3435984
1788877807,10,0,0.004,3435984
1788877867,10,0,0.002,3435984
1788877927,10,0,0.003,3435984
1788877927,STOP,,,3435984
