1788881791,11,0,5.789,629715
1788881791,10,0,0.004,629715
1788881851,10,0,0.003,629715
1788881911,10,0,0.003,629715
1788881971,10,0,0.008,629715
1788882031,10,0,0.002,629715
1788882091,10,0,0.009,629715
1788882151,10,0,0.003,629715
1788882211,10,0,0.004,629715
1788882271,10,0,0.004,629715
1788882331,10,0,0.003,629715
1788882391,10,0,0.001,629715
1788882451,10,0,0.006,629715
1788882511,10,0,0.004,629715
1788882571,10,0,0.005,629715
1788882631,10,0,0.004,629715
1788882691,10,0,0.002,629715
1788882751,10,0,0.006,629715
1788882811,10,0,0.009,629715
1788882871,10,0,0.001,629715
1788882931,10,0,0.006,629715
1788882991,10,0,0.003,629715
1788883051,10,0,0.006,629715
1788883111,10,0,0.004,629715
1788883171,10,0,0.006,629715
1788883231,10,0,0.002,629715
1788883291,10,0,0.003,629715
1788883351,10,0,0.002,629715
1788883411,10,0,0.003,629715
1788883471,10,0,0.004,629715
1788883531,10,0,0.008,629715
1788883591,10,0,0.002,629715
1788883651,10,0,0.003,629715
1788883711,10,0,0.004,629715
1788883771,10,0,0.006,629715
1788883831,10,0,0.006,629715
1788883891,10,0,0.004,629715
1788883951,10,0,0.003,629715
1788884011,10,0,0.002,629715
1788884071,10,0,0.003,629715
1788884131,10,0,0.009,629715
1788884191,10,0,0.002,629715
1788884251,10,0,0.007,629715
1788884311,10,0,0.002,629715
1788884371,10,0,0.003,629715
1788884431,10,0,0.004,629715
1788884491,10,0,0.002,629715
1788884551,10,0,0.003,629715
1788884611,10,0,0.005,629715
1788884671,10,0,0.001,629715
1788884731,10,0,0.002,629715
1788884791,10,0,0.002,629715
1788884851,10,0,0.002,629715
1788884911,10,0,0.003,629715
1788884971,10,0,0.008,629715
1788885031,10,0,0.005,629715
1788885091,10,0,0.003,629715
1788885151,10,0,0.002,629715
1788885211,10,0,0.005,629715
1788885271,10,0,0.002,629715
1788885331,10,0,0.004,629715
1788885391,10,0,0.003,629715
1788885451,10,0,0.002,629715
1788885451,STOP,,,629715
