1788840533,11,0,1.667,3680668
1788840533,10,0,0.004,3680668
1788840593,10,0,0.003,3680668
1788840653,10,0,0.001,3680668
1788840713,10,0,0.004,3680668
1788840773,10,0,0.002,3680668
1788840833,10,0,0.007,3680668
1788840893,10,0,0.003,3680668
1788840953,10,0,0.002,3680668
1788841013,10,0,0.003,3680668
1788841073,10,0,0.002,3680668
1788841133,10,0,0.002,3680668
1788841193,10,0,0.004,3680668
1788841253,10,0,0.001,3680668
1788841313,10,0,0.002,3680668
1788841373,10,0,0.002,3680668
1788841433,10,0,0.002,3680668
1788841493,10,0,0.002,3680668
1788841553,10,0,0.007,3680668
1788841613,10,0,0.003,3680668
1788841673,10,0,0.002,3680668
1788841733,10,0,0.002,3680668
1788841793,10,0,0.002,3680668
1788841853,10,0,0.002,3680668
1788841913,10,0,0.003,3680668
1788841973,10,0,0.003,3680668
1788842033,10,0,0.002,3680668
1788842093,10,0,0.002,3680668
1788842153,10,0,0.001,3680668
1788842213,10,0,0.003,3680668
1788842273,10,0,0.007,3680668
1788842333,10,0,0.001,3680668
1788842393,10,0,0.002,3680668
1788842453,10,0,0.003,3680668
1788842513,10,0,0.001,3680668
1788842573,10,0,0.001,3680668
1788842633,10,0,0.003,3680668
1788842693,10,0,0.002,3680668
1788842753,10,0,0.002,3680668
1788842813,10,0,0.002,3680668
1788842873,10,0,0.002,3680668
1788842933,10,0,0.002,3680668
1788842993,10,0,0.005,3680668
1788843053,10,0,0.002,3680668
1788843113,10,0,0.003,3680668
1788843173,10,0,0.002,3680668
1788843233,10,0,0.001,3680668
1788843293,10,0,0.001,3680668
1788843353,10,0,0.003,3680668
1788843413,10,0,0.002,3680668
1788843473,10,0,0.002,3680668
1788843533,10,0,0.002,3680668
1788843593,10,0,0.002,3680668
1788843653,10,0,0.002,3680668
1788843713,10,0,0.006,3680668
1788843773,10,0,0.002,3680668
1788843833,10,0,0.002,3680668
1788843893,10,0,0.003,3680668
1788843953,10,0,0.001,3680668
1788844013,10,0,0.003,3680668
1788844073,10,0,0.005,3680668
1788844133,10,0,0.002,3680668
1788844193,10,0,0.002,3680668
1788844193,STOP,,,3680668
